Component: ARM Compiler 5.06 update 1 (build 61) Tool: armlink [4d35a8]

==============================================================================

Section Cross References

    startup_stm32f429xx.o(STACK) refers (Special) to heapauxi.o(.text) for __use_two_region_memory
    startup_stm32f429xx.o(HEAP) refers (Special) to heapauxi.o(.text) for __use_two_region_memory
    startup_stm32f429xx.o(RESET) refers (Special) to heapauxi.o(.text) for __use_two_region_memory
    startup_stm32f429xx.o(RESET) refers to startup_stm32f429xx.o(STACK) for __initial_sp
    startup_stm32f429xx.o(RESET) refers to startup_stm32f429xx.o(.text) for Reset_Handler
    startup_stm32f429xx.o(RESET) refers to stm32f4xx_it.o(i.NMI_Handler) for NMI_Handler
    startup_stm32f429xx.o(RESET) refers to context_rvds.o(.text) for HardFault_Handler
    startup_stm32f429xx.o(RESET) refers to stm32f4xx_it.o(i.MemManage_Handler) for MemManage_Handler
    startup_stm32f429xx.o(RESET) refers to stm32f4xx_it.o(i.BusFault_Handler) for BusFault_Handler
    startup_stm32f429xx.o(RESET) refers to stm32f4xx_it.o(i.UsageFault_Handler) for UsageFault_Handler
    startup_stm32f429xx.o(RESET) refers to stm32f4xx_it.o(i.DebugMon_Handler) for DebugMon_Handler
    startup_stm32f429xx.o(RESET) refers to board.o(i.SysTick_Handler) for SysTick_Handler
    startup_stm32f429xx.o(RESET) refers to usart.o(i.USART1_IRQHandler) for USART1_IRQHandler
    startup_stm32f429xx.o(.text) refers (Special) to heapauxi.o(.text) for __use_two_region_memory
    startup_stm32f429xx.o(.text) refers to system_stm32f4xx.o(i.SystemInit) for SystemInit
    startup_stm32f429xx.o(.text) refers to __main.o(!!!main) for __main
    startup_stm32f429xx.o(.text) refers to startup_stm32f429xx.o(HEAP) for Heap_Mem
    startup_stm32f429xx.o(.text) refers to startup_stm32f429xx.o(STACK) for Stack_Mem
    main.o(i.main) refers to led.o(i.LED_Init) for LED_Init
    main.o(i.main) refers to usart.o(i.USART1_Init) for USART1_Init
    main.o(i.main) refers to iic.o(i.I2C2_Init) for I2C2_Init
    main.o(i.main) refers to spi.o(i.SPI1_Init) for SPI1_Init
    main.o(i.main) refers to thread.o(i.rt_thread_init) for rt_thread_init
    main.o(i.main) refers to thread.o(i.rt_thread_startup) for rt_thread_startup
    main.o(i.main) refers to main.o(.bss) for .bss
    main.o(i.main) refers to led.o(i.led0_entry) for led0_entry
    main.o(i.main) refers to main.o(.data) for .data
    main.o(i.main) refers to led.o(i.led1_entry) for led1_entry
    usart.o(i.HAL_UART_MspInit) refers to rt_memclr_w.o(.text) for __aeabi_memclr4
    usart.o(i.HAL_UART_MspInit) refers to stm32f4xx_hal_gpio.o(i.HAL_GPIO_Init) for HAL_GPIO_Init
    usart.o(i.HAL_UART_MspInit) refers to stm32f4xx_hal_cortex.o(i.HAL_NVIC_SetPriority) for HAL_NVIC_SetPriority
    usart.o(i.HAL_UART_MspInit) refers to stm32f4xx_hal_cortex.o(i.HAL_NVIC_EnableIRQ) for HAL_NVIC_EnableIRQ
    usart.o(i.HAL_UART_RxCpltCallback) refers to stm32f4xx_hal_uart.o(i.HAL_UART_Receive_IT) for HAL_UART_Receive_IT
    usart.o(i.HAL_UART_RxCpltCallback) refers to usart.o(.data) for .data
    usart.o(i.HAL_UART_RxCpltCallback) refers to usart.o(.bss) for .bss
    usart.o(i.USART1_IRQHandler) refers to stm32f4xx_hal_uart.o(i.HAL_UART_IRQHandler) for HAL_UART_IRQHandler
    usart.o(i.USART1_IRQHandler) refers to usart.o(.bss) for .bss
    usart.o(i.USART1_Init) refers to stm32f4xx_hal_uart.o(i.HAL_UART_Init) for HAL_UART_Init
    usart.o(i.USART1_Init) refers to board.o(i.Error_Handler) for Error_Handler
    usart.o(i.USART1_Init) refers to stm32f4xx_hal_uart.o(i.HAL_UART_Receive_IT) for HAL_UART_Receive_IT
    usart.o(i.USART1_Init) refers to usart.o(.bss) for .bss
    usart.o(i.USART1_Init) refers to usart.o(.data) for .data
    led.o(i.LED_Init) refers to stm32f4xx_hal_gpio.o(i.HAL_GPIO_Init) for HAL_GPIO_Init
    led.o(i.LED_Init) refers to stm32f4xx_hal_gpio.o(i.HAL_GPIO_WritePin) for HAL_GPIO_WritePin
    led.o(i.led0_entry) refers to stm32f4xx_hal_gpio.o(i.HAL_GPIO_WritePin) for HAL_GPIO_WritePin
    led.o(i.led0_entry) refers to thread.o(i.rt_thread_mdelay) for rt_thread_mdelay
    led.o(i.led1_entry) refers to stm32f4xx_hal_gpio.o(i.HAL_GPIO_WritePin) for HAL_GPIO_WritePin
    led.o(i.led1_entry) refers to thread.o(i.rt_thread_mdelay) for rt_thread_mdelay
    iic.o(i.HAL_I2C_MspInit) refers to rt_memclr_w.o(.text) for __aeabi_memclr4
    iic.o(i.HAL_I2C_MspInit) refers to stm32f4xx_hal_gpio.o(i.HAL_GPIO_Init) for HAL_GPIO_Init
    iic.o(i.I2C2_Init) refers to stm32f4xx_hal_i2c.o(i.HAL_I2C_Init) for HAL_I2C_Init
    iic.o(i.I2C2_Init) refers to board.o(i.Error_Handler) for Error_Handler
    iic.o(i.I2C2_Init) refers to stm32f4xx_hal_i2c_ex.o(i.HAL_I2CEx_ConfigAnalogFilter) for HAL_I2CEx_ConfigAnalogFilter
    iic.o(i.I2C2_Init) refers to stm32f4xx_hal_i2c_ex.o(i.HAL_I2CEx_ConfigDigitalFilter) for HAL_I2CEx_ConfigDigitalFilter
    iic.o(i.I2C2_Init) refers to iic.o(.bss) for .bss
    spi.o(i.HAL_SPI_MspInit) refers to rt_memclr_w.o(.text) for __aeabi_memclr4
[...]
    .rodata.name                             0x080048f3   Section        5  cmd.o(.rodata.name)
    .rodata.name                             0x080048f8   Section       26  cmd.o(.rodata.name)
    .rodata.name                             0x08004912   Section       11  msh.o(.rodata.name)
    .rodata.name                             0x0800491d   Section       22  msh.o(.rodata.name)
    .rodata.name                             0x08004933   Section        9  msh.o(.rodata.name)
    .rodata.name                             0x0800493c   Section       28  msh.o(.rodata.name)
    .rodata.name                             0x08004958   Section       11  msh.o(.rodata.name)
    .rodata.name                             0x08004963   Section       37  msh.o(.rodata.name)
    .rti_fn.0                                0x08004988   Section        4  components.o(.rti_fn.0)
    __tagsym$$used                           0x08004988   Number         0  components.o(.rti_fn.0)
    .rti_fn.0.end                            0x0800498c   Section        4  components.o(.rti_fn.0.end)
    __tagsym$$used                           0x0800498c   Number         0  components.o(.rti_fn.0.end)
    .rti_fn.1                                0x08004990   Section        4  board.o(.rti_fn.1)
    __tagsym$$used                           0x08004990   Number         0  board.o(.rti_fn.1)
    .rti_fn.1.end                            0x08004994   Section        4  components.o(.rti_fn.1.end)
    __tagsym$$used                           0x08004994   Number         0  components.o(.rti_fn.1.end)
    .rti_fn.6                                0x08004998   Section        4  shell.o(.rti_fn.6)
    __tagsym$$used                           0x08004998   Number         0  shell.o(.rti_fn.6)
    .rti_fn.6.end                            0x0800499c   Section        4  components.o(.rti_fn.6.end)
    __tagsym$$used                           0x0800499c   Number         0  components.o(.rti_fn.6.end)
    FSymTab                                  0x080049a0   Section       12  mem.o(FSymTab)
    __tagsym$$used                           0x080049a0   Number         0  mem.o(FSymTab)
    FSymTab                                  0x080049ac   Section      120  cmd.o(FSymTab)
    __tagsym$$used                           0x080049ac   Number         0  cmd.o(FSymTab)
    __tagsym$$used                           0x080049b8   Number         0  cmd.o(FSymTab)
    __tagsym$$used                           0x080049c4   Number         0  cmd.o(FSymTab)
    __tagsym$$used                           0x080049d0   Number         0  cmd.o(FSymTab)
    __tagsym$$used                           0x080049dc   Number         0  cmd.o(FSymTab)
    __tagsym$$used                           0x080049e8   Number         0  cmd.o(FSymTab)
    __tagsym$$used                           0x080049f4   Number         0  cmd.o(FSymTab)
    __tagsym$$used                           0x08004a00   Number         0  cmd.o(FSymTab)
    __tagsym$$used                           0x08004a0c   Number         0  cmd.o(FSymTab)
    __tagsym$$used                           0x08004a18   Number         0  cmd.o(FSymTab)
    FSymTab                                  0x08004a24   Section       36  msh.o(FSymTab)
    __tagsym$$used                           0x08004a24   Number         0  msh.o(FSymTab)
    __tagsym$$used                           0x08004a30   Number         0  msh.o(FSymTab)
    __tagsym$$used                           0x08004a3c   Number         0  msh.o(FSymTab)
    .data                                    0x20000000   Section        8  main.o(.data)
    .data                                    0x20000008   Section        1  usart.o(.data)
    .data                                    0x2000000c   Section       12  stm32f4xx_hal.o(.data)
    .data                                    0x20000018   Section        4  system_stm32f4xx.o(.data)
    .data                                    0x2000001c   Section        4  clock.o(.data)
    rt_tick                                  0x2000001c   Data           4  clock.o(.data)
    .data                                    0x20000020   Section        1  irq.o(.data)
    .data                                    0x20000024   Section       24  mem.o(.data)
    heap_ptr                                 0x20000024   Data           4  mem.o(.data)
    heap_end                                 0x20000028   Data           4  mem.o(.data)
    lfree                                    0x2000002c   Data           4  mem.o(.data)
    mem_size_aligned                         0x20000030   Data           4  mem.o(.data)
    used_mem                                 0x20000034   Data           4  mem.o(.data)
    max_mem                                  0x20000038   Data           4  mem.o(.data)
    .data                                    0x2000003c   Section       48  object.o(.data)
    rt_object_container                      0x2000003c   Data          48  object.o(.data)
    .data                                    0x2000006c   Section       20  scheduler.o(.data)
    rt_scheduler_lock_nest                   0x2000006e   Data           2  scheduler.o(.data)
    .data                                    0x20000080   Section       12  timer.o(.data)
    random_nr                                0x20000080   Data           4  timer.o(.data)
    rt_timer_list                            0x20000084   Data           8  timer.o(.data)
    .data                                    0x2000008c   Section        4  cpuport.o(.data)
    rt_exception_hook                        0x2000008c   Data           4  cpuport.o(.data)
    .data                                    0x20000090   Section        4  cpuport.o(.data)
    .data                                    0x20000094   Section        4  cpuport.o(.data)
    .data                                    0x20000098   Section        4  cpuport.o(.data)
    .data                                    0x2000009c   Section       24  shell.o(.data)
    finsh_prompt_custom                      0x200000ac   Data           4  shell.o(.data)
    .bss                                     0x200000b4   Section      440  main.o(.bss)
    .bss                                     0x2000026c   Section       68  usart.o(.bss)
    .bss                                     0x200002b0   Section       84  iic.o(.bss)
    .bss                                     0x20000304   Section       88  spi.o(.bss)
    .bss                                     0x2000035c   Section      376  idle.o(.bss)
    idle                                     0x2000035c   Data         120  idle.o(.bss)
    rt_thread_stack                          0x200003d4   Data         256  idle.o(.bss)
    .bss                                     0x200004d4   Section      128  kservice.o(.bss)
    rt_log_buf                               0x200004d4   Data         128  kservice.o(.bss)
    .bss                                     0x20000554   Section       32  mem.o(.bss)
    heap_sem                                 0x20000554   Data          32  mem.o(.bss)
    .bss                                     0x20000574   Section      256  scheduler.o(.bss)
    .bss                                     0x20000674   Section    15428  board.o(.bss)
    rt_heap                                  0x20000674   Data       15360  board.o(.bss)
    UartHandle                               0x20004274   Data          68  board.o(.bss)
    .bss                                     0x200042b8   Section      129  shell.o(.bss)
    finsh_prompt                             0x200042b8   Data         129  shell.o(.bss)
    .bss                                     0x2000433c   Section       96  libspace.o(.bss)
    HEAP                                     0x200043a0   Section      512  startup_stm32f429xx.o(HEAP)
    Heap_Mem                                 0x200043a0   Data         512  startup_stm32f429xx.o(HEAP)
    STACK                                    0x200045a0   Section     2048  startup_stm32f429xx.o(STACK)
    Stack_Mem                                0x200045a0   Data        2048  startup_stm32f429xx.o(STACK)
    __initial_sp                             0x20004da0   Data           0  startup_stm32f429xx.o(STACK)

    Global Symbols

    Symbol Name                              Value     Ov Type        Size  Object(Section)

    BuildAttributes$$THM_ISAv4$E$P$D$K$B$S$7EM$VFPi3$EXTD16$VFPS$VFMA$PE$A:L22UL41UL21$X:L11$S22US41US21$IEEE1$IW$USESV6$~STKCKD$USESV7$~SHL$OSPACE$ROPI$EBA8$UX$STANDARDLIB$REQ8$PRES8$EABIv2 0x00000000   Number         0  anon$$obj.o ABSOLUTE
    __ARM_use_no_argv                        0x00000000   Number         0  main.o ABSOLUTE
    __ARM_exceptions_init                     - Undefined Weak Reference
    __alloca_initialize                       - Undefined Weak Reference
    __arm_preinit_                            - Undefined Weak Reference
    __cpp_initialize__aeabi_                  - Undefined Weak Reference
    __cxa_finalize                            - Undefined Weak Reference
    __rt_locale                               - Undefined Weak Reference
    __sigvec_lookup                           - Undefined Weak Reference
    _atexit_init                              - Undefined Weak Reference
    _call_atexit_fns                          - Undefined Weak Reference
    _clock_init                               - Undefined Weak Reference
    _fp_trap_init                             - Undefined Weak Reference
    _fp_trap_shutdown                         - Undefined Weak Reference
    _get_lc_collate                           - Undefined Weak Reference
    _get_lc_ctype                             - Undefined Weak Reference
    _get_lc_monetary                          - Undefined Weak Reference
    _get_lc_numeric                           - Undefined Weak Reference
    _get_lc_time                              - Undefined Weak Reference
    _getenv_init                              - Undefined Weak Reference
    _handle_redirection                       - Undefined Weak Reference
    _init_alloc                               - Undefined Weak Reference
    _init_user_alloc                          - Undefined Weak Reference
    _initio                                   - Undefined Weak Reference
    _rand_init                                - Undefined Weak Reference
    _signal_finish                            - Undefined Weak Reference
    _signal_init                              - Undefined Weak Reference
    _terminate_alloc                          - Undefined Weak Reference
    _terminate_user_alloc                     - Undefined Weak Reference
    _terminateio                              - Undefined Weak Reference
    __Vectors_Size                           0x000001ac   Number         0  startup_stm32f429xx.o ABSOLUTE
    __Vectors                                0x08000000   Data           4  startup_stm32f429xx.o(RESET)
    __Vectors_End                            0x080001ac   Data           0  startup_stm32f429xx.o(RESET)
    __main                                   0x080001ad   Thumb Code     8  __main.o(!!!main)
    __scatterload                            0x080001b5   Thumb Code     0  __scatter.o(!!!scatter)
    __scatterload_rt2                        0x080001b5   Thumb Code    44  __scatter.o(!!!scatter)
    __scatterload_rt2_thumb_only             0x080001b5   Thumb Code     0  __scatter.o(!!!scatter)
    __scatterload_null                       0x080001c3   Thumb Code     0  __scatter.o(!!!scatter)
    __scatterload_copy                       0x080001e9   Thumb Code    26  __scatter_copy.o(!!handler_copy)
    __scatterload_zeroinit                   0x08000205   Thumb Code    28  __scatter_zi.o(!!handler_zi)
    __rt_lib_init                            0x08000221   Thumb Code     0  libinit.o(.ARM.Collect$$libinit$$00000000)
    __rt_lib_init_fp_1                       0x08000223   Thumb Code     0  libinit2.o(.ARM.Collect$$libinit$$00000001)
    __rt_lib_init_alloca_1                   0x08000227   Thumb Code     0  libinit2.o(.ARM.Collect$$libinit$$0000002E)
    __rt_lib_init_argv_1                     0x08000227   Thumb Code     0  libinit2.o(.ARM.Collect$$libinit$$0000002C)
    __rt_lib_init_atexit_1                   0x08000227   Thumb Code     0  libinit2.o(.ARM.Collect$$libinit$$0000001B)
    __rt_lib_init_clock_1                    0x08000227   Thumb Code     0  libinit2.o(.ARM.Collect$$libinit$$00000021)
    __rt_lib_init_cpp_1                      0x08000227   Thumb Code     0  libinit2.o(.ARM.Collect$$libinit$$00000032)
    __rt_lib_init_exceptions_1               0x08000227   Thumb Code     0  libinit2.o(.ARM.Collect$$libinit$$00000030)
    __rt_lib_init_fp_trap_1                  0x08000227   Thumb Code     0  libinit2.o(.ARM.Collect$$libinit$$0000001F)
    __rt_lib_init_getenv_1                   0x08000227   Thumb Code     0  libinit2.o(.ARM.Collect$$libinit$$00000023)
    __rt_lib_init_heap_1                     0x08000227   Thumb Code     0  libinit2.o(.ARM.Collect$$libinit$$0000000A)
    __rt_lib_init_lc_collate_1               0x08000227   Thumb Code     0  libinit2.o(.ARM.Collect$$libinit$$00000011)
    __rt_lib_init_lc_ctype_1                 0x08000227   Thumb Code     0  libinit2.o(.ARM.Collect$$libinit$$00000013)
    __rt_lib_init_lc_monetary_1              0x08000227   Thumb Code     0  libinit2.o(.ARM.Collect$$libinit$$00000015)
    __rt_lib_init_lc_numeric_1               0x08000227   Thumb Code     0  libinit2.o(.ARM.Collect$$libinit$$00000017)
    __rt_lib_init_lc_time_1                  0x08000227   Thumb Code     0  libinit2.o(.ARM.Collect$$libinit$$00000019)
    __rt_lib_init_preinit_1                  0x08000227   Thumb Code     0  libinit2.o(.ARM.Collect$$libinit$$00000004)
    __rt_lib_init_rand_1                     0x08000227   Thumb Code     0  libinit2.o(.ARM.Collect$$libinit$$0000000E)
    __rt_lib_init_return                     0x08000227   Thumb Code     0  libinit2.o(.ARM.Collect$$libinit$$00000033)
    __rt_lib_init_signal_1                   0x08000227   Thumb Code     0  libinit2.o(.ARM.Collect$$libinit$$0000001D)
    __rt_lib_init_stdio_1                    0x08000227   Thumb Code     0  libinit2.o(.ARM.Collect$$libinit$$00000025)
    __rt_lib_init_user_alloc_1               0x08000227   Thumb Code     0  libinit2.o(.ARM.Collect$$libinit$$0000000C)
    __rt_lib_shutdown                        0x08000229   Thumb Code     0  libshutdown.o(.ARM.Collect$$libshutdown$$00000000)
    __rt_lib_shutdown_cpp_1                  0x0800022b   Thumb Code     0  libshutdown2.o(.ARM.Collect$$libshutdown$$00000002)
    __rt_lib_shutdown_fp_trap_1              0x0800022b   Thumb Code     0  libshutdown2.o(.ARM.Collect$$libshutdown$$00000007)
    __rt_lib_shutdown_heap_1                 0x0800022b   Thumb Code     0  libshutdown2.o(.ARM.Collect$$libshutdown$$0000000F)
    __rt_lib_shutdown_return                 0x0800022b   Thumb Code     0  libshutdown2.o(.ARM.Collect$$libshutdown$$00000010)
    __rt_lib_shutdown_signal_1               0x0800022b   Thumb Code     0  libshutdown2.o(.ARM.Collect$$libshutdown$$0000000A)
    __rt_lib_shutdown_stdio_1                0x0800022b   Thumb Code     0  libshutdown2.o(.ARM.Collect$$libshutdown$$00000004)
    __rt_lib_shutdown_user_alloc_1           0x0800022b   Thumb Code     0  libshutdown2.o(.ARM.Collect$$libshutdown$$0000000C)
    __rt_entry                               0x0800022d   Thumb Code     0  __rtentry.o(.ARM.Collect$$rtentry$$00000000)
    __rt_entry_presh_1                       0x0800022d   Thumb Code     0  __rtentry2.o(.ARM.Collect$$rtentry$$00000002)
    __rt_entry_sh                            0x0800022d   Thumb Code     0  __rtentry4.o(.ARM.Collect$$rtentry$$00000004)
    __rt_entry_li                            0x08000233   Thumb Code     0  __rtentry2.o(.ARM.Collect$$rtentry$$0000000A)
    __rt_entry_postsh_1                      0x08000233   Thumb Code     0  __rtentry2.o(.ARM.Collect$$rtentry$$00000009)
    __rt_entry_main                          0x08000237   Thumb Code     0  __rtentry2.o(.ARM.Collect$$rtentry$$0000000D)
    __rt_entry_postli_1                      0x08000237   Thumb Code     0  __rtentry2.o(.ARM.Collect$$rtentry$$0000000C)
    __rt_exit                                0x0800023f   Thumb Code     0  rtexit.o(.ARM.Collect$$rtexit$$00000000)
    __rt_exit_ls                             0x08000241   Thumb Code     0  rtexit2.o(.ARM.Collect$$rtexit$$00000003)
    __rt_exit_prels_1                        0x08000241   Thumb Code     0  rtexit2.o(.ARM.Collect$$rtexit$$00000002)
    __rt_exit_exit                           0x08000245   Thumb Code     0  rtexit2.o(.ARM.Collect$$rtexit$$00000004)
    Reset_Handler                            0x0800024d   Thumb Code     8  startup_stm32f429xx.o(.text)
    SVC_Handler                              0x0800025f   Thumb Code     2  startup_stm32f429xx.o(.text)
    ADC_IRQHandler                           0x08000267   Thumb Code     0  startup_stm32f429xx.o(.text)
    CAN1_RX0_IRQHandler                      0x08000267   Thumb Code     0  startup_stm32f429xx.o(.text)
    CAN1_RX1_IRQHandler                      0x08000267   Thumb Code     0  startup_stm32f429xx.o(.text)
    CAN1_SCE_IRQHandler                      0x08000267   Thumb Code     0  startup_stm32f429xx.o(.text)
    CAN1_TX_IRQHandler                       0x08000267   Thumb Code     0  startup_stm32f429xx.o(.text)
    CAN2_RX0_IRQHandler                      0x08000267   Thumb Code     0  startup_stm32f429xx.o(.text)
    CAN2_RX1_IRQHandler                      0x08000267   Thumb Code     0  startup_stm32f429xx.o(.text)
    CAN2_SCE_IRQHandler                      0x08000267   Thumb Code     0  startup_stm32f429xx.o(.text)
    CAN2_TX_IRQHandler                       0x08000267   Thumb Code     0  startup_stm32f429xx.o(.text)
    DCMI_IRQHandler                          0x08000267   Thumb Code     0  startup_stm32f429xx.o(.text)
    DMA1_Stream0_IRQHandler                  0x08000267   Thumb Code     0  startup_stm32f429xx.o(.text)
    DMA1_Stream1_IRQHandler                  0x08000267   Thumb Code     0  startup_stm32f429xx.o(.text)
    DMA1_Stream2_IRQHandler                  0x08000267   Thumb Code     0  startup_stm32f429xx.o(.text)
    DMA1_Stream3_IRQHandler                  0x08000267   Thumb Code     0  startup_stm32f429xx.o(.text)
    DMA1_Stream4_IRQHandler                  0x08000267   Thumb Code     0  startup_stm32f429xx.o(.text)
    DMA1_Stream5_IRQHandler                  0x08000267   Thumb Code     0  startup_stm32f429xx.o(.text)
    DMA1_Stream6_IRQHandler                  0x08000267   Thumb Code     0  startup_stm32f429xx.o(.text)
    DMA1_Stream7_IRQHandler                  0x08000267   Thumb Code     0  startup_stm32f429xx.o(.text)
    DMA2D_IRQHandler                         0x08000267   Thumb Code     0  startup_stm32f429xx.o(.text)
    DMA2_Stream0_IRQHandler                  0x08000267   Thumb Code     0  startup_stm32f429xx.o(.text)
    DMA2_Stream1_IRQHandler                  0x08000267   Thumb Code     0  startup_stm32f429xx.o(.text)
    DMA2_Stream2_IRQHandler                  0x08000267   Thumb Code     0  startup_stm32f429xx.o(.text)
    DMA2_Stream3_IRQHandler                  0x08000267   Thumb Code     0  startup_stm32f429xx.o(.text)
    DMA2_Stream4_IRQHandler                  0x08000267   Thumb Code     0  startup_stm32f429xx.o(.text)
    DMA2_Stream5_IRQHandler                  0x08000267   Thumb Code     0  startup_stm32f429xx.o(.text)
    DMA2_Stream6_IRQHandler                  0x08000267   Thumb Code     0  startup_stm32f429xx.o(.text)
    DMA2_Stream7_IRQHandler                  0x08000267   Thumb Code     0  startup_stm32f429xx.o(.text)
    ETH_IRQHandler                           0x08000267   Thumb Code     0  startup_stm32f429xx.o(.text)
    ETH_WKUP_IRQHandler                      0x08000267   Thumb Code     0  startup_stm32f429xx.o(.text)
    EXTI0_IRQHandler                         0x08000267   Thumb Code     0  startup_stm32f429xx.o(.text)
    EXTI15_10_IRQHandler                     0x08000267   Thumb Code     0  startup_stm32f429xx.o(.text)
    EXTI1_IRQHandler                         0x08000267   Thumb Code     0  startup_stm32f429xx.o(.text)
    EXTI2_IRQHandler                         0x08000267   Thumb Code     0  startup_stm32f429xx.o(.text)
    EXTI3_IRQHandler                         0x08000267   Thumb Code     0  startup_stm32f429xx.o(.text)
    EXTI4_IRQHandler                         0x08000267   Thumb Code     0  startup_stm32f429xx.o(.text)
    EXTI9_5_IRQHandler                       0x08000267   Thumb Code     0  startup_stm32f429xx.o(.text)
    FLASH_IRQHandler                         0x08000267   Thumb Code     0  startup_stm32f429xx.o(.text)
    FMC_IRQHandler                           0x08000267   Thumb Code     0  startup_stm32f429xx.o(.text)
    FPU_IRQHandler                           0x08000267   Thumb Code     0  startup_stm32f429xx.o(.text)
    HASH_RNG_IRQHandler                      0x08000267   Thumb Code     0  startup_stm32f429xx.o(.text)
    I2C1_ER_IRQHandler                       0x08000267   Thumb Code     0  startup_stm32f429xx.o(.text)
    I2C1_EV_IRQHandler                       0x08000267   Thumb Code     0  startup_stm32f429xx.o(.text)
    I2C2_ER_IRQHandler                       0x08000267   Thumb Code     0  startup_stm32f429xx.o(.text)
    I2C2_EV_IRQHandler                       0x08000267   Thumb Code     0  startup_stm32f429xx.o(.text)
    I2C3_ER_IRQHandler                       0x08000267   Thumb Code     0  startup_stm32f429xx.o(.text)
    I2C3_EV_IRQHandler                       0x08000267   Thumb Code     0  startup_stm32f429xx.o(.text)
    LTDC_ER_IRQHandler                       0x08000267   Thumb Code     0  startup_stm32f429xx.o(.text)
    LTDC_IRQHandler                          0x08000267   Thumb Code     0  startup_stm32f429xx.o(.text)
    OTG_FS_IRQHandler                        0x08000267   Thumb Code     0  startup_stm32f429xx.o(.text)
    OTG_FS_WKUP_IRQHandler                   0x08000267   Thumb Code     0  startup_stm32f429xx.o(.text)
    OTG_HS_EP1_IN_IRQHandler                 0x08000267   Thumb Code     0  startup_stm32f429xx.o(.text)
    OTG_HS_EP1_OUT_IRQHandler                0x08000267   Thumb Code     0  startup_stm32f429xx.o(.text)
    OTG_HS_IRQHandler                        0x08000267   Thumb Code     0  startup_stm32f429xx.o(.text)
    OTG_HS_WKUP_IRQHandler                   0x08000267   Thumb Code     0  startup_stm32f429xx.o(.text)
    PVD_IRQHandler                           0x08000267   Thumb Code     0  startup_stm32f429xx.o(.text)
    RCC_IRQHandler                           0x08000267   Thumb Code     0  startup_stm32f429xx.o(.text)
    RTC_Alarm_IRQHandler                     0x08000267   Thumb Code     0  startup_stm32f429xx.o(.text)
    RTC_WKUP_IRQHandler                      0x08000267   Thumb Code     0  startup_stm32f429xx.o(.text)
    SAI1_IRQHandler                          0x08000267   Thumb Code     0  startup_stm32f429xx.o(.text)
    SDIO_IRQHandler                          0x08000267   Thumb Code     0  startup_stm32f429xx.o(.text)
    SPI1_IRQHandler                          0x08000267   Thumb Code     0  startup_stm32f429xx.o(.text)
    SPI2_IRQHandler                          0x08000267   Thumb Code     0  startup_stm32f429xx.o(.text)
    SPI3_IRQHandler                          0x08000267   Thumb Code     0  startup_stm32f429xx.o(.text)
    SPI4_IRQHandler                          0x08000267   Thumb Code     0  startup_stm32f429xx.o(.text)
    SPI5_IRQHandler                          0x08000267   Thumb Code     0  startup_stm32f429xx.o(.text)
    SPI6_IRQHandler                          0x08000267   Thumb Code     0  startup_stm32f429xx.o(.text)
    TAMP_STAMP_IRQHandler                    0x08000267   Thumb Code     0  startup_stm32f429xx.o(.text)
    TIM1_BRK_TIM9_IRQHandler                 0x08000267   Thumb Code     0  startup_stm32f429xx.o(.text)
    TIM1_CC_IRQHandler                       0x08000267   Thumb Code     0  startup_stm32f429xx.o(.text)
    TIM1_TRG_COM_TIM11_IRQHandler            0x08000267   Thumb Code     0  startup_stm32f429xx.o(.text)
    TIM1_UP_TIM10_IRQHandler                 0x08000267   Thumb Code     0  startup_stm32f429xx.o(.text)
    TIM2_IRQHandler                          0x08000267   Thumb Code     0  startup_stm32f429xx.o(.text)
    TIM3_IRQHandler                          0x08000267   Thumb Code     0  startup_stm32f429xx.o(.text)
    TIM4_IRQHandler                          0x08000267   Thumb Code     0  startup_stm32f429xx.o(.text)
    TIM5_IRQHandler                          0x08000267   Thumb Code     0  startup_stm32f429xx.o(.text)
    TIM6_DAC_IRQHandler                      0x08000267   Thumb Code     0  startup_stm32f429xx.o(.text)
    TIM7_IRQHandler                          0x08000267   Thumb Code     0  startup_stm32f429xx.o(.text)
    TIM8_BRK_TIM12_IRQHandler                0x08000267   Thumb Code     0  startup_stm32f429xx.o(.text)
    TIM8_CC_IRQHandler                       0x08000267   Thumb Code     0  startup_stm32f429xx.o(.text)
    TIM8_TRG_COM_TIM14_IRQHandler            0x08000267   Thumb Code     0  startup_stm32f429xx.o(.text)
    TIM8_UP_TIM13_IRQHandler                 0x08000267   Thumb Code     0  startup_stm32f429xx.o(.text)
    UART4_IRQHandler                         0x08000267   Thumb Code     0  startup_stm32f429xx.o(.text)
    UART5_IRQHandler                         0x08000267   Thumb Code     0  startup_stm32f429xx.o(.text)
    UART7_IRQHandler                         0x08000267   Thumb Code     0  startup_stm32f429xx.o(.text)
    UART8_IRQHandler                         0x08000267   Thumb Code     0  startup_stm32f429xx.o(.text)
    USART2_IRQHandler                        0x08000267   Thumb Code     0  startup_stm32f429xx.o(.text)
    USART3_IRQHandler                        0x08000267   Thumb Code     0  startup_stm32f429xx.o(.text)
    USART6_IRQHandler                        0x08000267   Thumb Code     0  startup_stm32f429xx.o(.text)
    WWDG_IRQHandler                          0x08000267   Thumb Code     0  startup_stm32f429xx.o(.text)
    __user_initial_stackheap                 0x08000269   Thumb Code     0  startup_stm32f429xx.o(.text)
    rt_hw_interrupt_disable                  0x0800028d   Thumb Code     8  context_rvds.o(.text)
    rt_hw_interrupt_enable                   0x08000295   Thumb Code     6  context_rvds.o(.text)
    rt_hw_context_switch                     0x0800029b   Thumb Code    32  context_rvds.o(.text)
    rt_hw_context_switch_interrupt           0x0800029b   Thumb Code     0  context_rvds.o(.text)
    PendSV_Handler                           0x080002bb   Thumb Code   108  context_rvds.o(.text)
    rt_hw_context_switch_to                  0x08000327   Thumb Code    68  context_rvds.o(.text)
    rt_hw_interrupt_thread_switch            0x0800036b   Thumb Code     2  context_rvds.o(.text)
    HardFault_Handler                        0x0800036d   Thumb Code    56  context_rvds.o(.text)
    __aeabi_uldivmod                         0x080003c1   Thumb Code     0  lludivv7m.o(.text)
    _ll_udiv                                 0x080003c1   Thumb Code   238  lludivv7m.o(.text)
    strcpy                                   0x080004af   Thumb Code    72  strcpy.o(.text)
    strlen                                   0x080004f7   Thumb Code    62  strlen.o(.text)
    strncmp                                  0x08000535   Thumb Code   150  strncmp.o(.text)
    strcat                                   0x080005cb   Thumb Code    24  strcat.o(.text)
    __aeabi_memcpy4                          0x080005e3   Thumb Code     0  rt_memcpy_w.o(.text)
    __aeabi_memcpy8                          0x080005e3   Thumb Code     0  rt_memcpy_w.o(.text)
    __rt_memcpy_w                            0x080005e3   Thumb Code   100  rt_memcpy_w.o(.text)
    _memcpy_lastbytes_aligned                0x0800062b   Thumb Code     0  rt_memcpy_w.o(.text)
    __aeabi_memclr                           0x08000647   Thumb Code     0  rt_memclr.o(.text)
    __rt_memclr                              0x08000647   Thumb Code    68  rt_memclr.o(.text)
    _memset                                  0x0800064b   Thumb Code     0  rt_memclr.o(.text)
    __aeabi_memclr4                          0x0800068b   Thumb Code     0  rt_memclr_w.o(.text)
    __aeabi_memclr8                          0x0800068b   Thumb Code     0  rt_memclr_w.o(.text)
    __rt_memclr_w                            0x0800068b   Thumb Code    78  rt_memclr_w.o(.text)
    _memset_w                                0x0800068f   Thumb Code     0  rt_memclr_w.o(.text)
    strncpy                                  0x080006d9   Thumb Code    86  strncpy.o(.text)
    __use_two_region_memory                  0x0800072f   Thumb Code     2  heapauxi.o(.text)
    __rt_heap_escrow$2region                 0x08000731   Thumb Code     2  heapauxi.o(.text)
    __rt_heap_expand$2region                 0x08000733   Thumb Code     2  heapauxi.o(.text)
    __user_setup_stackheap                   0x08000735   Thumb Code    74  sys_stackheap_outer.o(.text)
    exit                                     0x0800077f   Thumb Code    18  exit.o(.text)
    __user_libspace                          0x08000791   Thumb Code     8  libspace.o(.text)
    __user_perproc_libspace                  0x08000791   Thumb Code     0  libspace.o(.text)
    __user_perthread_libspace                0x08000791   Thumb Code     0  libspace.o(.text)
    _sys_exit                                0x08000799   Thumb Code     8  sys_exit.o(.text)
    __I$use$semihosting                      0x080007a5   Thumb Code     0  use_no_semi.o(.text)
    __use_no_semihosting_swi                 0x080007a5   Thumb Code     2  use_no_semi.o(.text)
    __semihosting_library_function           0x080007a7   Thumb Code     0  indicate_semi.o(.text)
    main                                     0x080007a7   Thumb Code    10  components.o(i.$Sub$$main)
    BusFault_Handler                         0x080007b1   Thumb Code     2  stm32f4xx_it.o(i.BusFault_Handler)
    DebugMon_Handler                         0x080007b3   Thumb Code     2  stm32f4xx_it.o(i.DebugMon_Handler)
    Error_Handler                            0x080007b5   Thumb Code     4  board.o(i.Error_Handler)
    HAL_DMA_Abort                            0x080007b9   Thumb Code   146  stm32f4xx_hal_dma.o(i.HAL_DMA_Abort)
    HAL_DMA_Abort_IT                         0x0800084b   Thumb Code    36  stm32f4xx_hal_dma.o(i.HAL_DMA_Abort_IT)
    HAL_GPIO_Init                            0x08000871   Thumb Code   510  stm32f4xx_hal_gpio.o(i.HAL_GPIO_Init)
    HAL_GPIO_WritePin                        0x08000aa5   Thumb Code    10  stm32f4xx_hal_gpio.o(i.HAL_GPIO_WritePin)
    HAL_GetTick                              0x08000ab1   Thumb Code     6  stm32f4xx_hal.o(i.HAL_GetTick)
    HAL_I2CEx_ConfigAnalogFilter             0x08000abd   Thumb Code    66  stm32f4xx_hal_i2c_ex.o(i.HAL_I2CEx_ConfigAnalogFilter)
    HAL_I2CEx_ConfigDigitalFilter            0x08000aff   Thumb Code    62  stm32f4xx_hal_i2c_ex.o(i.HAL_I2CEx_ConfigDigitalFilter)
    HAL_I2C_Init                             0x08000b3d   Thumb Code   376  stm32f4xx_hal_i2c.o(i.HAL_I2C_Init)
    HAL_I2C_MspInit                          0x08000cc5   Thumb Code    92  iic.o(i.HAL_I2C_MspInit)
    HAL_Init                                 0x08000d2d   Thumb Code    48  stm32f4xx_hal.o(i.HAL_Init)
    HAL_InitTick                             0x08000d61   Thumb Code    54  stm32f4xx_hal.o(i.HAL_InitTick)
    HAL_MspInit                              0x08000da1   Thumb Code    42  stm32f4xx_hal_msp.o(i.HAL_MspInit)
    HAL_NVIC_EnableIRQ                       0x08000dd1   Thumb Code    26  stm32f4xx_hal_cortex.o(i.HAL_NVIC_EnableIRQ)
    HAL_NVIC_SetPriority                     0x08000ded   Thumb Code    60  stm32f4xx_hal_cortex.o(i.HAL_NVIC_SetPriority)
    HAL_NVIC_SetPriorityGrouping             0x08000e2d   Thumb Code    26  stm32f4xx_hal_cortex.o(i.HAL_NVIC_SetPriorityGrouping)
    HAL_RCC_ClockConfig                      0x08000e51   Thumb Code   288  stm32f4xx_hal_rcc.o(i.HAL_RCC_ClockConfig)
    HAL_RCC_GetHCLKFreq                      0x08000f85   Thumb Code     6  stm32f4xx_hal_rcc.o(i.HAL_RCC_GetHCLKFreq)
    HAL_RCC_GetPCLK1Freq                     0x08000f91   Thumb Code    20  stm32f4xx_hal_rcc.o(i.HAL_RCC_GetPCLK1Freq)
    HAL_RCC_GetPCLK2Freq                     0x08000fb1   Thumb Code    20  stm32f4xx_hal_rcc.o(i.HAL_RCC_GetPCLK2Freq)
    HAL_RCC_GetSysClockFreq                  0x08000fd1   Thumb Code    88  stm32f4xx_hal_rcc.o(i.HAL_RCC_GetSysClockFreq)
    HAL_RCC_OscConfig                        0x08001035   Thumb Code   856  stm32f4xx_hal_rcc.o(i.HAL_RCC_OscConfig)
    HAL_SPI_Init                             0x080013a1   Thumb Code   188  stm32f4xx_hal_spi.o(i.HAL_SPI_Init)
    HAL_SPI_MspInit                          0x0800145d   Thumb Code    92  spi.o(i.HAL_SPI_MspInit)
    HAL_SYSTICK_Config                       0x080014c5   Thumb Code    40  stm32f4xx_hal_cortex.o(i.HAL_SYSTICK_Config)
    HAL_UARTEx_RxEventCallback               0x080014ed   Thumb Code     2  stm32f4xx_hal_uart.o(i.HAL_UARTEx_RxEventCallback)
    HAL_UART_ErrorCallback                   0x080014ef   Thumb Code     2  stm32f4xx_hal_uart.o(i.HAL_UART_ErrorCallback)
    HAL_UART_IRQHandler                      0x080014f1   Thumb Code   610  stm32f4xx_hal_uart.o(i.HAL_UART_IRQHandler)
    HAL_UART_Init                            0x08001759   Thumb Code    98  stm32f4xx_hal_uart.o(i.HAL_UART_Init)
    HAL_UART_MspInit                         0x080017bd   Thumb Code   124  usart.o(i.HAL_UART_MspInit)
    HAL_UART_Receive_IT                      0x08001845   Thumb Code    42  stm32f4xx_hal_uart.o(i.HAL_UART_Receive_IT)
    HAL_UART_RxCpltCallback                  0x08001871   Thumb Code    10  usart.o(i.HAL_UART_RxCpltCallback)
    HAL_UART_Transmit                        0x08001885   Thumb Code   178  stm32f4xx_hal_uart.o(i.HAL_UART_Transmit)
    HAL_UART_TxCpltCallback                  0x08001937   Thumb Code     2  stm32f4xx_hal_uart.o(i.HAL_UART_TxCpltCallback)
    I2C2_Init                                0x08001939   Thumb Code    78  iic.o(i.I2C2_Init)
    LED_Init                                 0x08001995   Thumb Code    68  led.o(i.LED_Init)
    MemManage_Handler                        0x080019e1   Thumb Code     2  stm32f4xx_it.o(i.MemManage_Handler)
    NMI_Handler                              0x080019e3   Thumb Code     2  stm32f4xx_it.o(i.NMI_Handler)
    SPI1_Init                                0x080019e5   Thumb Code    60  spi.o(i.SPI1_Init)
    SysTick_Handler                          0x08001a29   Thumb Code    18  board.o(i.SysTick_Handler)
    SystemClock_Config                       0x08001a3d   Thumb Code   140  board.o(i.SystemClock_Config)
    SystemCoreClockUpdate                    0x08001ad1   Thumb Code   104  system_stm32f4xx.o(i.SystemCoreClockUpdate)
    SystemInit                               0x08001b4d   Thumb Code    12  system_stm32f4xx.o(i.SystemInit)
    UART_Start_Receive_IT                    0x08001d89   Thumb Code    58  stm32f4xx_hal_uart.o(i.UART_Start_Receive_IT)
    USART1_IRQHandler                        0x08001e3d   Thumb Code     6  usart.o(i.USART1_IRQHandler)
    USART1_Init                              0x08001e49   Thumb Code    54  usart.o(i.USART1_Init)
    UsageFault_Handler                       0x08001e8d   Thumb Code     2  stm32f4xx_it.o(i.UsageFault_Handler)
    __rt_ffs                                 0x08001eb1   Thumb Code    64  kservice.o(i.__rt_ffs)
    cmd_free                                 0x08002139   Thumb Code    10  msh.o(i.cmd_free)
    cmd_ps                                   0x08002143   Thumb Code    10  msh.o(i.cmd_ps)
    finsh_get_prompt                         0x0800214d   Thumb Code    66  shell.o(i.finsh_get_prompt)
    finsh_set_prompt_mode                    0x080021ad   Thumb Code    16  shell.o(i.finsh_set_prompt_mode)
    finsh_system_function_init               0x080021c1   Thumb Code     8  shell.o(i.finsh_system_function_init)
    finsh_system_init                        0x080021cd   Thumb Code    90  shell.o(i.finsh_system_init)
    finsh_thread_entry                       0x08002261   Thumb Code   612  shell.o(i.finsh_thread_entry)
    hello                                    0x08002565   Thumb Code    12  cmd.o(i.hello)
    led0_entry                               0x08002585   Thumb Code    40  led.o(i.led0_entry)
    led1_entry                               0x080025b1   Thumb Code    40  led.o(i.led1_entry)
    list                                     0x080025dd   Thumb Code    50  cmd.o(i.list)
    list_mem                                 0x080026cd   Thumb Code    32  mem.o(i.list_mem)
    list_sem                                 0x08002739   Thumb Code   214  cmd.o(i.list_sem)
    list_thread                              0x08002879   Thumb Code   250  cmd.o(i.list_thread)
    list_timer                               0x08002a31   Thumb Code   160  cmd.o(i.list_timer)
    $Super$$main                             0x08002b71   Thumb Code   106  main.o(i.main)
    main_thread_entry                        0x08002bfd   Thumb Code    14  components.o(i.main_thread_entry)
    msh_auto_complete                        0x08002ce5   Thumb Code   150  msh.o(i.msh_auto_complete)
    msh_exec                                 0x08002d91   Thumb Code    74  msh.o(i.msh_exec)
    msh_help                                 0x08002df5   Thumb Code    58  msh.o(i.msh_help)
    msh_is_used                              0x08002e6d   Thumb Code     4  msh.o(i.msh_is_used)
    rt_application_init                      0x080030dd   Thumb Code    32  components.o(i.rt_application_init)
    rt_calloc                                0x08003109   Thumb Code    26  mem.o(i.rt_calloc)
    rt_components_board_init                 0x08003125   Thumb Code    20  components.o(i.rt_components_board_init)
    rt_components_init                       0x08003141   Thumb Code    20  components.o(i.rt_components_init)
    rt_enter_critical                        0x0800315d   Thumb Code    22  scheduler.o(i.rt_enter_critical)
    rt_exit_critical                         0x08003179   Thumb Code    52  scheduler.o(i.rt_exit_critical)
    rt_free                                  0x080031b1   Thumb Code   112  mem.o(i.rt_free)
    rt_heap_begin_get                        0x08003275   Thumb Code     4  board.o(i.rt_heap_begin_get)
    rt_heap_end_get                          0x0800327d   Thumb Code     4  board.o(i.rt_heap_end_get)
    rt_hw_board_init                         0x08003285   Thumb Code    54  board.o(i.rt_hw_board_init)
    rt_hw_console_getchar                    0x080032bd   Thumb Code    34  board.o(i.rt_hw_console_getchar)
    rt_hw_console_output                     0x080032e5   Thumb Code    66  board.o(i.rt_hw_console_output)
    rt_hw_hard_fault_exception               0x0800332d   Thumb Code   198  cpuport.o(i.rt_hw_hard_fault_exception)
    rt_hw_stack_init                         0x08003545   Thumb Code    54  cpuport.o(i.rt_hw_stack_init)
    rt_interrupt_enter                       0x08003581   Thumb Code    22  irq.o(i.rt_interrupt_enter)
    rt_interrupt_leave                       0x0800359d   Thumb Code    22  irq.o(i.rt_interrupt_leave)
    rt_kprintf                               0x080035b9   Thumb Code    28  kservice.o(i.rt_kprintf)
    rt_malloc                                0x08003659   Thumb Code   232  mem.o(i.rt_malloc)
    rt_memmove                               0x08003749   Thumb Code    50  kservice.o(i.rt_memmove)
    rt_memset                                0x0800377d   Thumb Code    70  kservice.o(i.rt_memset)
    rt_object_allocate                       0x080037c3   Thumb Code    80  object.o(i.rt_object_allocate)
    rt_object_delete                         0x08003813   Thumb Code    38  object.o(i.rt_object_delete)
    rt_object_detach                         0x08003839   Thumb Code    32  object.o(i.rt_object_detach)
    rt_object_get_information                0x08003859   Thumb Code    30  object.o(i.rt_object_get_information)
    rt_object_init                           0x0800387d   Thumb Code    80  object.o(i.rt_object_init)
    rt_object_is_systemobject                0x080038cd   Thumb Code    14  object.o(i.rt_object_is_systemobject)
    rt_schedule                              0x080038dd   Thumb Code    76  scheduler.o(i.rt_schedule)
    rt_schedule_insert_thread                0x08003935   Thumb Code    70  scheduler.o(i.rt_schedule_insert_thread)
    rt_schedule_remove_thread                0x08003985   Thumb Code    64  scheduler.o(i.rt_schedule_remove_thread)
    rt_sem_init                              0x080039cd   Thumb Code    36  ipc.o(i.rt_sem_init)
    rt_sem_release                           0x080039f1   Thumb Code    74  ipc.o(i.rt_sem_release)
    rt_sem_take                              0x08003a3b   Thumb Code   174  ipc.o(i.rt_sem_take)
    rt_show_version                          0x08003ae9   Thumb Code    40  kservice.o(i.rt_show_version)
    rt_strlen                                0x08003b99   Thumb Code    16  kservice.o(i.rt_strlen)
    rt_strncpy                               0x08003ba9   Thumb Code    38  kservice.o(i.rt_strncpy)
    rt_system_heap_init                      0x08003bd1   Thumb Code    96  mem.o(i.rt_system_heap_init)
    rt_system_scheduler_init                 0x08003c7d   Thumb Code    44  scheduler.o(i.rt_system_scheduler_init)
    rt_system_scheduler_start                0x08003cb1   Thumb Code    32  scheduler.o(i.rt_system_scheduler_start)
    rt_system_timer_init                     0x08003cd9   Thumb Code     8  timer.o(i.rt_system_timer_init)
    rt_system_timer_thread_init              0x08003ce5   Thumb Code     2  timer.o(i.rt_system_timer_thread_init)
    rt_thread_create                         0x08003ce7   Thumb Code    72  thread.o(i.rt_thread_create)
    rt_thread_exit                           0x08003d31   Thumb Code    82  thread.o(i.rt_thread_exit)
    rt_thread_idle_excute                    0x08003d95   Thumb Code    70  idle.o(i.rt_thread_idle_excute)
    rt_thread_idle_init                      0x08003de1   Thumb Code    40  idle.o(i.rt_thread_idle_init)
    rt_thread_init                           0x08003e19   Thumb Code    48  thread.o(i.rt_thread_init)
    rt_thread_mdelay                         0x08003e49   Thumb Code    14  thread.o(i.rt_thread_mdelay)
    rt_thread_resume                         0x08003e57   Thumb Code    60  thread.o(i.rt_thread_resume)
    rt_thread_self                           0x08003e95   Thumb Code     6  thread.o(i.rt_thread_self)
    rt_thread_sleep                          0x08003ea1   Thumb Code    60  thread.o(i.rt_thread_sleep)
    rt_thread_startup                        0x08003ee1   Thumb Code    40  thread.o(i.rt_thread_startup)
    rt_thread_suspend                        0x08003f0d   Thumb Code    66  thread.o(i.rt_thread_suspend)
    rt_thread_timeout                        0x08003f4f   Thumb Code    32  thread.o(i.rt_thread_timeout)
    rt_thread_yield                          0x08003f71   Thumb Code    86  thread.o(i.rt_thread_yield)
    rt_tick_from_millisecond                 0x08003fd1   Thumb Code    50  clock.o(i.rt_tick_from_millisecond)
    rt_tick_get                              0x08004005   Thumb Code     6  clock.o(i.rt_tick_get)
    rt_tick_increase                         0x08004011   Thumb Code    38  clock.o(i.rt_tick_increase)
    rt_timer_check                           0x0800403d   Thumb Code   136  timer.o(i.rt_timer_check)
    rt_timer_control                         0x080040c9   Thumb Code    72  timer.o(i.rt_timer_control)
    rt_timer_detach                          0x08004111   Thumb Code    40  timer.o(i.rt_timer_detach)
    rt_timer_init                            0x08004139   Thumb Code    40  timer.o(i.rt_timer_init)
    rt_timer_start                           0x08004161   Thumb Code   126  timer.o(i.rt_timer_start)
    rt_timer_stop                            0x080041e5   Thumb Code    46  timer.o(i.rt_timer_stop)
    rt_vsnprintf                             0x08004215   Thumb Code   634  kservice.o(i.rt_vsnprintf)
    rtthread_startup                         0x080044a9   Thumb Code    42  components.o(i.rtthread_startup)
    version                                  0x08004601   Thumb Code    10  cmd.o(i.version)
    _fp_init                                 0x0800460b   Thumb Code    10  fpinit.o(x$fpl$fpinit)
    __fplib_config_fpu_vfp                   0x08004613   Thumb Code     0  fpinit.o(x$fpl$fpinit)
    __fplib_config_pureend_doubles           0x08004613   Thumb Code     0  fpinit.o(x$fpl$fpinit)
    AHBPrescTable                            0x08004614   Data          16  system_stm32f4xx.o(.constdata)
    APBPrescTable                            0x08004624   Data           8  system_stm32f4xx.o(.constdata)
    __lowest_bit_bitmap                      0x0800462c   Data         256  kservice.o(.constdata)
    __fsym_list_mem_name                     0x08004794   Data           9  mem.o(.rodata.name)
    __fsym_list_mem_desc                     0x0800479d   Data          30  mem.o(.rodata.name)
    __fsym_hello_name                        0x080047bb   Data           6  cmd.o(.rodata.name)
    __fsym_hello_desc                        0x080047c1   Data          16  cmd.o(.rodata.name)
    __fsym_version_name                      0x080047d1   Data           8  cmd.o(.rodata.name)
    __fsym_version_desc                      0x080047d9   Data          35  cmd.o(.rodata.name)
    __fsym___cmd_version_name                0x080047fc   Data          14  cmd.o(.rodata.name)
    __fsym___cmd_version_desc                0x0800480a   Data          35  cmd.o(.rodata.name)
    __fsym_list_thread_name                  0x0800482d   Data          12  cmd.o(.rodata.name)
    __fsym_list_thread_desc                  0x08004839   Data          12  cmd.o(.rodata.name)
    __fsym___cmd_list_thread_name            0x08004845   Data          18  cmd.o(.rodata.name)
    __fsym___cmd_list_thread_desc            0x08004857   Data          12  cmd.o(.rodata.name)
    __fsym_list_sem_name                     0x08004863   Data           9  cmd.o(.rodata.name)
    __fsym_list_sem_desc                     0x0800486c   Data          25  cmd.o(.rodata.name)
    __fsym___cmd_list_sem_name               0x08004885   Data          15  cmd.o(.rodata.name)
    __fsym___cmd_list_sem_desc               0x08004894   Data          25  cmd.o(.rodata.name)
    __fsym_list_timer_name                   0x080048ad   Data          11  cmd.o(.rodata.name)
    __fsym_list_timer_desc                   0x080048b8   Data          21  cmd.o(.rodata.name)
    __fsym___cmd_list_timer_name             0x080048cd   Data          17  cmd.o(.rodata.name)
    __fsym___cmd_list_timer_desc             0x080048de   Data          21  cmd.o(.rodata.name)
    __fsym_list_name                         0x080048f3   Data           5  cmd.o(.rodata.name)
    __fsym_list_desc                         0x080048f8   Data          26  cmd.o(.rodata.name)
    __fsym___cmd_help_name                   0x08004912   Data          11  msh.o(.rodata.name)
    __fsym___cmd_help_desc                   0x0800491d   Data          22  msh.o(.rodata.name)
    __fsym___cmd_ps_name                     0x08004933   Data           9  msh.o(.rodata.name)
    __fsym___cmd_ps_desc                     0x0800493c   Data          28  msh.o(.rodata.name)
    __fsym___cmd_free_name                   0x08004958   Data          11  msh.o(.rodata.name)
    __fsym___cmd_free_desc                   0x08004963   Data          37  msh.o(.rodata.name)
    __rt_init_rti_start                      0x08004988   Data           4  components.o(.rti_fn.0)
    __rt_init_rti_board_start                0x0800498c   Data           4  components.o(.rti_fn.0.end)
    __rt_init_uart_init                      0x08004990   Data           4  board.o(.rti_fn.1)
    __rt_init_rti_board_end                  0x08004994   Data           4  components.o(.rti_fn.1.end)
    __rt_init_finsh_system_init              0x08004998   Data           4  shell.o(.rti_fn.6)
    __rt_init_rti_end                        0x0800499c   Data           4  components.o(.rti_fn.6.end)
    FSymTab$$Base                            0x080049a0   Number         0  mem.o(FSymTab)
    __fsym_list_mem                          0x080049a0   Data          12  mem.o(FSymTab)
    __fsym_hello                             0x080049ac   Data          12  cmd.o(FSymTab)
    __fsym_version                           0x080049b8   Data          12  cmd.o(FSymTab)
    __fsym___cmd_version                     0x080049c4   Data          12  cmd.o(FSymTab)
    __fsym_list_thread                       0x080049d0   Data          12  cmd.o(FSymTab)
    __fsym___cmd_list_thread                 0x080049dc   Data          12  cmd.o(FSymTab)
    __fsym_list_sem                          0x080049e8   Data          12  cmd.o(FSymTab)
    __fsym___cmd_list_sem                    0x080049f4   Data          12  cmd.o(FSymTab)
    __fsym_list_timer                        0x08004a00   Data          12  cmd.o(FSymTab)
    __fsym___cmd_list_timer                  0x08004a0c   Data          12  cmd.o(FSymTab)
    __fsym_list                              0x08004a18   Data          12  cmd.o(FSymTab)
    __fsym___cmd_help                        0x08004a24   Data          12  msh.o(FSymTab)
    __fsym___cmd_ps                          0x08004a30   Data          12  msh.o(FSymTab)
    __fsym___cmd_free                        0x08004a3c   Data          12  msh.o(FSymTab)
    FSymTab$$Limit                           0x08004a48   Number         0  msh.o(FSymTab)
    Region$$Table$$Base                      0x08004a48   Number         0  anon$$obj.o(Region$$Table)
    Region$$Table$$Limit                     0x08004a68   Number         0  anon$$obj.o(Region$$Table)
    led0                                     0x20000000   Data           4  main.o(.data)
    led1                                     0x20000004   Data           4  main.o(.data)
    aRxBuffer                                0x20000008   Data           1  usart.o(.data)
    uwTickFreq                               0x2000000c   Data           1  stm32f4xx_hal.o(.data)
    uwTickPrio                               0x20000010   Data           4  stm32f4xx_hal.o(.data)
    uwTick                                   0x20000014   Data           4  stm32f4xx_hal.o(.data)
    SystemCoreClock                          0x20000018   Data           4  system_stm32f4xx.o(.data)
    rt_interrupt_nest                        0x20000020   Data           1  irq.o(.data)
    rt_current_priority                      0x2000006c   Data           1  scheduler.o(.data)
    rt_current_thread                        0x20000070   Data           4  scheduler.o(.data)
    rt_thread_ready_priority_group           0x20000074   Data           4  scheduler.o(.data)
    rt_thread_defunct                        0x20000078   Data           8  scheduler.o(.data)
    rt_interrupt_from_thread                 0x20000090   Data           4  cpuport.o(.data)
    rt_interrupt_to_thread                   0x20000094   Data           4  cpuport.o(.data)
    rt_thread_switch_interrupt_flag          0x20000098   Data           4  cpuport.o(.data)
    _syscall_table_begin                     0x2000009c   Data           4  shell.o(.data)
    _syscall_table_end                       0x200000a0   Data           4  shell.o(.data)
    _sysvar_table_begin                      0x200000a4   Data           4  shell.o(.data)
    _sysvar_table_end                        0x200000a8   Data           4  shell.o(.data)
    shell                                    0x200000b0   Data           4  shell.o(.data)
    led0_thread                              0x200000b4   Data         120  main.o(.bss)
    led1_thread                              0x2000012c   Data         120  main.o(.bss)
    led0_stack                               0x200001a4   Data         100  main.o(.bss)
    led1_stack                               0x20000208   Data         100  main.o(.bss)
    huart1                                   0x2000026c   Data          68  usart.o(.bss)
    hi2c2                                    0x200002b0   Data          84  iic.o(.bss)
    hspi1                                    0x20000304   Data          88  spi.o(.bss)
    rt_thread_priority_table                 0x20000574   Data         256  scheduler.o(.bss)
    __libspace_start                         0x2000433c   Data          96  libspace.o(.bss)
    __temporary_stack_top$libspace           0x2000439c   Data           0  libspace.o(.bss)



==============================================================================

Memory Map of the image

  Image Entry point : 0x080001ad

  Load Region LR_IROM1 (Base: 0x08000000, Size: 0x00004b1c, Max: 0x00100000, ABSOLUTE)

    Execution Region ER_IROM1 (Exec base: 0x08000000, Load base: 0x08000000, Size: 0x00004a68, Max: 0x00100000, ABSOLUTE)

    Exec Addr    Load Addr    Size         Type   Attr      Idx    E Section Name        Object

    0x08000000   0x08000000   0x000001ac   Data   RO          222    RESET               startup_stm32f429xx.o
    0x080001ac   0x080001ac   0x00000008   Code   RO         4482  * !!!main             c_w.l(__main.o)
    0x080001b4   0x080001b4   0x00000034   Code   RO         4649    !!!scatter          c_w.l(__scatter.o)
    0x080001e8   0x080001e8   0x0000001a   Code   RO         4651    !!handler_copy      c_w.l(__scatter_copy.o)
    0x08000202   0x08000202   0x00000002   PAD
    0x08000204   0x08000204   0x0000001c   Code   RO         4653    !!handler_zi        c_w.l(__scatter_zi.o)
    0x08000220   0x08000220   0x00000002   Code   RO         4519    .ARM.Collect$$libinit$$00000000  c_w.l(libinit.o)
    0x08000222   0x08000222   0x00000004   Code   RO         4531    .ARM.Collect$$libinit$$00000001  c_w.l(libinit2.o)
    0x08000226   0x08000226   0x00000000   Code   RO         4534    .ARM.Collect$$libinit$$00000004  c_w.l(libinit2.o)
    0x08000226   0x08000226   0x00000000   Code   RO         4537    .ARM.Collect$$libinit$$0000000A  c_w.l(libinit2.o)
    0x08000226   0x08000226   0x00000000   Code   RO         4539    .ARM.Collect$$libinit$$0000000C  c_w.l(libinit2.o)
    0x08000226   0x08000226   0x00000000   Code   RO         4541    .ARM.Collect$$libinit$$0000000E  c_w.l(libinit2.o)
    0x08000226   0x08000226   0x00000000   Code   RO         4544    .ARM.Collect$$libinit$$00000011  c_w.l(libinit2.o)
    0x08000226   0x08000226   0x00000000   Code   RO         4546    .ARM.Collect$$libinit$$00000013  c_w.l(libinit2.o)
    0x08000226   0x08000226   0x00000000   Code   RO         4548    .ARM.Collect$$libinit$$00000015  c_w.l(libinit2.o)
    0x08000226   0x08000226   0x00000000   Code   RO         4550    .ARM.Collect$$libinit$$00000017  c_w.l(libinit2.o)
    0x08000226   0x08000226   0x00000000   Code   RO         4552    .ARM.Collect$$libinit$$00000019  c_w.l(libinit2.o)
    0x08000226   0x08000226   0x00000000   Code   RO         4554    .ARM.Collect$$libinit$$0000001B  c_w.l(libinit2.o)
    0x08000226   0x08000226   0x00000000   Code   RO         4556    .ARM.Collect$$libinit$$0000001D  c_w.l(libinit2.o)
    0x08000226   0x08000226   0x00000000   Code   RO         4558    .ARM.Collect$$libinit$$0000001F  c_w.l(libinit2.o)
    0x08000226   0x08000226   0x00000000   Code   RO         4560    .ARM.Collect$$libinit$$00000021  c_w.l(libinit2.o)
    0x08000226   0x08000226   0x00000000   Code   RO         4562    .ARM.Collect$$libinit$$00000023  c_w.l(libinit2.o)
    0x08000226   0x08000226   0x00000000   Code   RO         4564    .ARM.Collect$$libinit$$00000025  c_w.l(libinit2.o)
    0x08000226   0x08000226   0x00000000   Code   RO         4568    .ARM.Collect$$libinit$$0000002C  c_w.l(libinit2.o)
    0x08000226   0x08000226   0x00000000   Code   RO         4570    .ARM.Collect$$libinit$$0000002E  c_w.l(libinit2.o)
    0x08000226   0x08000226   0x00000000   Code   RO         4572    .ARM.Collect$$libinit$$00000030  c_w.l(libinit2.o)
    0x08000226   0x08000226   0x00000000   Code   RO         4574    .ARM.Collect$$libinit$$00000032  c_w.l(libinit2.o)
    0x08000226   0x08000226   0x00000002   Code   RO         4575    .ARM.Collect$$libinit$$00000033  c_w.l(libinit2.o)
    0x08000228   0x08000228   0x00000002   Code   RO         4606    .ARM.Collect$$libshutdown$$00000000  c_w.l(libshutdown.o)
    0x0800022a   0x0800022a   0x00000000   Code   RO         4632    .ARM.Collect$$libshutdown$$00000002  c_w.l(libshutdown2.o)
    0x0800022a   0x0800022a   0x00000000   Code   RO         4634    .ARM.Collect$$libshutdown$$00000004  c_w.l(libshutdown2.o)
    0x0800022a   0x0800022a   0x00000000   Code   RO         4637    .ARM.Collect$$libshutdown$$00000007  c_w.l(libshutdown2.o)
    0x0800022a   0x0800022a   0x00000000   Code   RO         4640    .ARM.Collect$$libshutdown$$0000000A  c_w.l(libshutdown2.o)
    0x0800022a   0x0800022a   0x00000000   Code   RO         4642    .ARM.Collect$$libshutdown$$0000000C  c_w.l(libshutdown2.o)
    0x0800022a   0x0800022a   0x00000000   Code   RO         4645    .ARM.Collect$$libshutdown$$0000000F  c_w.l(libshutdown2.o)
    0x0800022a   0x0800022a   0x00000002   Code   RO         4646    .ARM.Collect$$libshutdown$$00000010  c_w.l(libshutdown2.o)
    0x0800022c   0x0800022c   0x00000000   Code   RO         4484    .ARM.Collect$$rtentry$$00000000  c_w.l(__rtentry.o)
    0x0800022c   0x0800022c   0x00000000   Code   RO         4490    .ARM.Collect$$rtentry$$00000002  c_w.l(__rtentry2.o)
    0x0800022c   0x0800022c   0x00000006   Code   RO         4502    .ARM.Collect$$rtentry$$00000004  c_w.l(__rtentry4.o)
    0x08000232   0x08000232   0x00000000   Code   RO         4492    .ARM.Collect$$rtentry$$00000009  c_w.l(__rtentry2.o)
    0x08000232   0x08000232   0x00000004   Code   RO         4493    .ARM.Collect$$rtentry$$0000000A  c_w.l(__rtentry2.o)
    0x08000236   0x08000236   0x00000000   Code   RO         4495    .ARM.Collect$$rtentry$$0000000C  c_w.l(__rtentry2.o)
    0x08000236   0x08000236   0x00000008   Code   RO         4496    .ARM.Collect$$rtentry$$0000000D  c_w.l(__rtentry2.o)
    0x0800023e   0x0800023e   0x00000002   Code   RO         4523    .ARM.Collect$$rtexit$$00000000  c_w.l(rtexit.o)
    0x08000240   0x08000240   0x00000000   Code   RO         4579    .ARM.Collect$$rtexit$$00000002  c_w.l(rtexit2.o)
    0x08000240   0x08000240   0x00000004   Code   RO         4580    .ARM.Collect$$rtexit$$00000003  c_w.l(rtexit2.o)
    0x08000244   0x08000244   0x00000006   Code   RO         4581    .ARM.Collect$$rtexit$$00000004  c_w.l(rtexit2.o)
    0x0800024a   0x0800024a   0x00000002   PAD
    0x0800024c   0x0800024c   0x00000040   Code   RO          223    .text               startup_stm32f429xx.o
    0x0800028c   0x0800028c   0x00000134   Code   RO         3185    .text               context_rvds.o
    0x080003c0   0x080003c0   0x000000ee   Code   RO         4462    .text               c_w.l(lludivv7m.o)
    0x080004ae   0x080004ae   0x00000048   Code   RO         4464    .text               c_w.l(strcpy.o)
    0x080004f6   0x080004f6   0x0000003e   Code   RO         4466    .text               c_w.l(strlen.o)
    0x08000534   0x08000534   0x00000096   Code   RO         4468    .text               c_w.l(strncmp.o)
    0x080005ca   0x080005ca   0x00000018   Code   RO         4470    .text               c_w.l(strcat.o)
    0x080005e2   0x080005e2   0x00000064   Code   RO         4472    .text               c_w.l(rt_memcpy_w.o)
    0x08000646   0x08000646   0x00000044   Code   RO         4474    .text               c_w.l(rt_memclr.o)
    0x0800068a   0x0800068a   0x0000004e   Code   RO         4476    .text               c_w.l(rt_memclr_w.o)
    0x080006d8   0x080006d8   0x00000056   Code   RO         4478    .text               c_w.l(strncpy.o)
    0x0800072e   0x0800072e   0x00000006   Code   RO         4480    .text               c_w.l(heapauxi.o)
    0x08000734   0x08000734   0x0000004a   Code   RO         4506    .text               c_w.l(sys_stackheap_outer.o)
    0x0800077e   0x0800077e   0x00000012   Code   RO         4508    .text               c_w.l(exit.o)
    0x08000790   0x08000790   0x00000008   Code   RO         4520    .text               c_w.l(libspace.o)
    0x08000798   0x08000798   0x0000000c   Code   RO         4576    .text               c_w.l(sys_exit.o)
    0x080007a4   0x080007a4   0x00000002   Code   RO         4595    .text               c_w.l(use_no_semi.o)
    0x080007a6   0x080007a6   0x00000000   Code   RO         4597    .text               c_w.l(indicate_semi.o)
    0x080007a6   0x080007a6   0x0000000a   Code   RO         3230    i.$Sub$$main        components.o
    0x080007b0   0x080007b0   0x00000002   Code   RO          172    i.BusFault_Handler  stm32f4xx_it.o
    0x080007b2   0x080007b2   0x00000002   Code   RO          173    i.DebugMon_Handler  stm32f4xx_it.o
    0x080007b4   0x080007b4   0x00000004   Code   RO         4142    i.Error_Handler     board.o
    0x080007b8   0x080007b8   0x00000092   Code   RO          932    i.HAL_DMA_Abort     stm32f4xx_hal_dma.o
    0x0800084a   0x0800084a   0x00000024   Code   RO          933    i.HAL_DMA_Abort_IT  stm32f4xx_hal_dma.o
    0x0800086e   0x0800086e   0x00000002   PAD
    0x08000870   0x08000870   0x00000234   Code   RO          825    i.HAL_GPIO_Init     stm32f4xx_hal_gpio.o
    0x08000aa4   0x08000aa4   0x0000000a   Code   RO          829    i.HAL_GPIO_WritePin  stm32f4xx_hal_gpio.o
    0x08000aae   0x08000aae   0x00000002   PAD
    0x08000ab0   0x08000ab0   0x0000000c   Code   RO         1377    i.HAL_GetTick       stm32f4xx_hal.o
    0x08000abc   0x08000abc   0x00000042   Code   RO         2457    i.HAL_I2CEx_ConfigAnalogFilter  stm32f4xx_hal_i2c_ex.o
    0x08000afe   0x08000afe   0x0000003e   Code   RO         2458    i.HAL_I2CEx_ConfigDigitalFilter  stm32f4xx_hal_i2c_ex.o
    0x08000b3c   0x08000b3c   0x00000188   Code   RO         2036    i.HAL_I2C_Init      stm32f4xx_hal_i2c.o
    0x08000cc4   0x08000cc4   0x00000068   Code   RO          346    i.HAL_I2C_MspInit   iic.o
    0x08000d2c   0x08000d2c   0x00000034   Code   RO         1384    i.HAL_Init          stm32f4xx_hal.o
    0x08000d60   0x08000d60   0x00000040   Code   RO         1385    i.HAL_InitTick      stm32f4xx_hal.o
    0x08000da0   0x08000da0   0x00000030   Code   RO            4    i.HAL_MspInit       stm32f4xx_hal_msp.o
    0x08000dd0   0x08000dd0   0x0000001a   Code   RO         1232    i.HAL_NVIC_EnableIRQ  stm32f4xx_hal_cortex.o
    0x08000dea   0x08000dea   0x00000002   PAD
    0x08000dec   0x08000dec   0x00000040   Code   RO         1238    i.HAL_NVIC_SetPriority  stm32f4xx_hal_cortex.o
    0x08000e2c   0x08000e2c   0x00000024   Code   RO         1239    i.HAL_NVIC_SetPriorityGrouping  stm32f4xx_hal_cortex.o
    0x08000e50   0x08000e50   0x00000134   Code   RO          419    i.HAL_RCC_ClockConfig  stm32f4xx_hal_rcc.o
    0x08000f84   0x08000f84   0x0000000c   Code   RO          424    i.HAL_RCC_GetHCLKFreq  stm32f4xx_hal_rcc.o
    0x08000f90   0x08000f90   0x00000020   Code   RO          426    i.HAL_RCC_GetPCLK1Freq  stm32f4xx_hal_rcc.o
    0x08000fb0   0x08000fb0   0x00000020   Code   RO          427    i.HAL_RCC_GetPCLK2Freq  stm32f4xx_hal_rcc.o
    0x08000fd0   0x08000fd0   0x00000064   Code   RO          428    i.HAL_RCC_GetSysClockFreq  stm32f4xx_hal_rcc.o
    0x08001034   0x08001034   0x0000036c   Code   RO          431    i.HAL_RCC_OscConfig  stm32f4xx_hal_rcc.o
    0x080013a0   0x080013a0   0x000000bc   Code   RO         2498    i.HAL_SPI_Init      stm32f4xx_hal_spi.o
    0x0800145c   0x0800145c   0x00000068   Code   RO          382    i.HAL_SPI_MspInit   spi.o
    0x080014c4   0x080014c4   0x00000028   Code   RO         1243    i.HAL_SYSTICK_Config  stm32f4xx_hal_cortex.o
    0x080014ec   0x080014ec   0x00000002   Code   RO         1679    i.HAL_UARTEx_RxEventCallback  stm32f4xx_hal_uart.o
    0x080014ee   0x080014ee   0x00000002   Code   RO         1693    i.HAL_UART_ErrorCallback  stm32f4xx_hal_uart.o
    0x080014f0   0x080014f0   0x00000268   Code   RO         1696    i.HAL_UART_IRQHandler  stm32f4xx_hal_uart.o
    0x08001758   0x08001758   0x00000062   Code   RO         1697    i.HAL_UART_Init     stm32f4xx_hal_uart.o
    0x080017ba   0x080017ba   0x00000002   PAD
    0x080017bc   0x080017bc   0x00000088   Code   RO          258    i.HAL_UART_MspInit  usart.o
    0x08001844   0x08001844   0x0000002a   Code   RO         1702    i.HAL_UART_Receive_IT  stm32f4xx_hal_uart.o
    0x0800186e   0x0800186e   0x00000002   PAD
    0x08001870   0x08001870   0x00000014   Code   RO          259    i.HAL_UART_RxCpltCallback  usart.o
    0x08001884   0x08001884   0x000000b2   Code   RO         1705    i.HAL_UART_Transmit  stm32f4xx_hal_uart.o
    0x08001936   0x08001936   0x00000002   Code   RO         1708    i.HAL_UART_TxCpltCallback  stm32f4xx_hal_uart.o
    0x08001938   0x08001938   0x0000005c   Code   RO          347    i.I2C2_Init         iic.o
    0x08001994   0x08001994   0x0000004c   Code   RO          307    i.LED_Init          led.o
    0x080019e0   0x080019e0   0x00000002   Code   RO          174    i.MemManage_Handler  stm32f4xx_it.o
    0x080019e2   0x080019e2   0x00000002   Code   RO          175    i.NMI_Handler       stm32f4xx_it.o
    0x080019e4   0x080019e4   0x00000044   Code   RO          383    i.SPI1_Init         spi.o
    0x08001a28   0x08001a28   0x00000012   Code   RO         4143    i.SysTick_Handler   board.o
    0x08001a3a   0x08001a3a   0x00000002   PAD
    0x08001a3c   0x08001a3c   0x00000094   Code   RO         4144    i.SystemClock_Config  board.o
    0x08001ad0   0x08001ad0   0x0000007c   Code   RO         3150    i.SystemCoreClockUpdate  system_stm32f4xx.o
    0x08001b4c   0x08001b4c   0x00000010   Code   RO         3151    i.SystemInit        system_stm32f4xx.o
    0x08001b5c   0x08001b5c   0x00000010   Code   RO         1710    i.UART_DMAAbortOnError  stm32f4xx_hal_uart.o
    0x08001b6c   0x08001b6c   0x0000004e   Code   RO         1720    i.UART_EndRxTransfer  stm32f4xx_hal_uart.o
    0x08001bba   0x08001bba   0x000000c0   Code   RO         1722    i.UART_Receive_IT   stm32f4xx_hal_uart.o
    0x08001c7a   0x08001c7a   0x00000002   PAD
    0x08001c7c   0x08001c7c   0x0000010c   Code   RO         1723    i.UART_SetConfig    stm32f4xx_hal_uart.o
    0x08001d88   0x08001d88   0x0000003a   Code   RO         1725    i.UART_Start_Receive_IT  stm32f4xx_hal_uart.o
    0x08001dc2   0x08001dc2   0x00000078   Code   RO         1726    i.UART_WaitOnFlagUntilTimeout  stm32f4xx_hal_uart.o
    0x08001e3a   0x08001e3a   0x00000002   PAD
    0x08001e3c   0x08001e3c   0x0000000c   Code   RO          260    i.USART1_IRQHandler  usart.o
    0x08001e48   0x08001e48   0x00000044   Code   RO          261    i.USART1_Init       usart.o
    0x08001e8c   0x08001e8c   0x00000002   Code   RO          176    i.UsageFault_Handler  stm32f4xx_it.o
    0x08001e8e   0x08001e8e   0x00000020   Code   RO         1245    i.__NVIC_SetPriority  stm32f4xx_hal_cortex.o
    0x08001eae   0x08001eae   0x00000002   PAD
    0x08001eb0   0x08001eb0   0x00000044   Code   RO         3432    i.__rt_ffs          kservice.o
    0x08001ef4   0x08001ef4   0x0000009c   Code   RO         4313    i._msh_exec_cmd     msh.o
    0x08001f90   0x08001f90   0x00000080   Code   RO         3850    i._rt_thread_init   thread.o
    0x08002010   0x08002010   0x0000001c   Code   RO         3980    i._rt_timer_init    timer.o
    0x0800202c   0x0800202c   0x00000006   Code   RO         3981    i._rt_timer_remove  timer.o
    0x08002032   0x08002032   0x0000001c   Code   RO         3851    i._thread_cleanup_execute  thread.o
    0x0800204e   0x0800204e   0x00000002   PAD
    0x08002050   0x08002050   0x000000e8   Code   RO         4077    i.bus_fault_track   cpuport.o
    0x08002138   0x08002138   0x0000000a   Code   RO         4314    i.cmd_free          msh.o
    0x08002142   0x08002142   0x0000000a   Code   RO         4315    i.cmd_ps            msh.o
    0x0800214c   0x0800214c   0x00000060   Code   RO         4381    i.finsh_get_prompt  shell.o
    0x080021ac   0x080021ac   0x00000014   Code   RO         4385    i.finsh_set_prompt_mode  shell.o
    0x080021c0   0x080021c0   0x0000000c   Code   RO         4386    i.finsh_system_function_init  shell.o
    0x080021cc   0x080021cc   0x00000094   Code   RO         4387    i.finsh_system_init  shell.o
    0x08002260   0x08002260   0x0000028c   Code   RO         4389    i.finsh_thread_entry  shell.o
    0x080024ec   0x080024ec   0x00000078   Code   RO         4078    i.hard_fault_track  cpuport.o
    0x08002564   0x08002564   0x00000020   Code   RO         4214    i.hello             cmd.o
    0x08002584   0x08002584   0x0000002c   Code   RO          308    i.led0_entry        led.o
    0x080025b0   0x080025b0   0x0000002c   Code   RO          309    i.led1_entry        led.o
    0x080025dc   0x080025dc   0x00000064   Code   RO         4215    i.list              cmd.o
    0x08002640   0x08002640   0x00000024   Code   RO         4216    i.list_find_init    cmd.o
    0x08002664   0x08002664   0x00000066   Code   RO         4217    i.list_get_next     cmd.o
    0x080026ca   0x080026ca   0x00000002   PAD
    0x080026cc   0x080026cc   0x0000006c   Code   RO         3606    i.list_mem          mem.o
    0x08002738   0x08002738   0x00000140   Code   RO         4218    i.list_sem          cmd.o
    0x08002878   0x08002878   0x000001b8   Code   RO         4219    i.list_thread       cmd.o
    0x08002a30   0x08002a30   0x00000140   Code   RO         4220    i.list_timer        cmd.o
    0x08002b70   0x08002b70   0x0000008c   Code   RO          230    i.main              main.o
    0x08002bfc   0x08002bfc   0x0000000e   Code   RO         3231    i.main_thread_entry  components.o
    0x08002c0a   0x08002c0a   0x00000002   PAD
    0x08002c0c   0x08002c0c   0x000000d8   Code   RO         4079    i.mem_manage_fault_track  cpuport.o
    0x08002ce4   0x08002ce4   0x000000ac   Code   RO         4316    i.msh_auto_complete  msh.o
    0x08002d90   0x08002d90   0x00000064   Code   RO         4317    i.msh_exec          msh.o
    0x08002df4   0x08002df4   0x00000078   Code   RO         4318    i.msh_help          msh.o
    0x08002e6c   0x08002e6c   0x00000004   Code   RO         4319    i.msh_is_used       msh.o
    0x08002e70   0x08002e70   0x000000d0   Code   RO         4320    i.msh_split         msh.o
    0x08002f40   0x08002f40   0x00000018   Code   RO         4221    i.object_split      cmd.o
    0x08002f58   0x08002f58   0x00000054   Code   RO         3607    i.plug_holes        mem.o
    0x08002fac   0x08002fac   0x00000130   Code   RO         3434    i.print_number      kservice.o
    0x080030dc   0x080030dc   0x0000002c   Code   RO         3232    i.rt_application_init  components.o
    0x08003108   0x08003108   0x0000001a   Code   RO         3608    i.rt_calloc         mem.o
    0x08003122   0x08003122   0x00000002   PAD
    0x08003124   0x08003124   0x0000001c   Code   RO         3233    i.rt_components_board_init  components.o
    0x08003140   0x08003140   0x0000001c   Code   RO         3234    i.rt_components_init  components.o
    0x0800315c   0x0800315c   0x0000001c   Code   RO         3783    i.rt_enter_critical  scheduler.o
    0x08003178   0x08003178   0x00000038   Code   RO         3784    i.rt_exit_critical  scheduler.o
    0x080031b0   0x080031b0   0x000000c4   Code   RO         3609    i.rt_free           mem.o
    0x08003274   0x08003274   0x00000008   Code   RO         4145    i.rt_heap_begin_get  board.o
    0x0800327c   0x0800327c   0x00000008   Code   RO         4146    i.rt_heap_end_get   board.o
    0x08003284   0x08003284   0x00000036   Code   RO         4147    i.rt_hw_board_init  board.o
    0x080032ba   0x080032ba   0x00000002   PAD
    0x080032bc   0x080032bc   0x00000028   Code   RO         4148    i.rt_hw_console_getchar  board.o
    0x080032e4   0x080032e4   0x00000048   Code   RO         4149    i.rt_hw_console_output  board.o
    0x0800332c   0x0800332c   0x00000218   Code   RO         4083    i.rt_hw_hard_fault_exception  cpuport.o
    0x08003544   0x08003544   0x0000003c   Code   RO         4084    i.rt_hw_stack_init  cpuport.o
    0x08003580   0x08003580   0x0000001c   Code   RO         3405    i.rt_interrupt_enter  irq.o
    0x0800359c   0x0800359c   0x0000001c   Code   RO         3407    i.rt_interrupt_leave  irq.o
    0x080035b8   0x080035b8   0x00000020   Code   RO         3438    i.rt_kprintf        kservice.o
    0x080035d8   0x080035d8   0x0000000e   Code   RO         3695    i.rt_list_insert_after  object.o
    0x080035e6   0x080035e6   0x0000000e   Code   RO         3852    i.rt_list_insert_after  thread.o
    0x080035f4   0x080035f4   0x0000000e   Code   RO         3982    i.rt_list_insert_after  timer.o
    0x08003602   0x08003602   0x0000000e   Code   RO         3339    i.rt_list_insert_before  ipc.o
    0x08003610   0x08003610   0x00000012   Code   RO         4222    i.rt_list_len       cmd.o
    0x08003622   0x08003622   0x00000012   Code   RO         3696    i.rt_list_remove    object.o
    0x08003634   0x08003634   0x00000012   Code   RO         3853    i.rt_list_remove    thread.o
    0x08003646   0x08003646   0x00000012   Code   RO         3983    i.rt_list_remove    timer.o
    0x08003658   0x08003658   0x000000f0   Code   RO         3610    i.rt_malloc         mem.o
    0x08003748   0x08003748   0x00000032   Code   RO         3443    i.rt_memmove        kservice.o
    0x0800377a   0x0800377a   0x00000002   PAD
    0x0800377c   0x0800377c   0x00000046   Code   RO         3444    i.rt_memset         kservice.o
    0x080037c2   0x080037c2   0x00000050   Code   RO         3697    i.rt_object_allocate  object.o
    0x08003812   0x08003812   0x00000026   Code   RO         3698    i.rt_object_delete  object.o
    0x08003838   0x08003838   0x00000020   Code   RO         3699    i.rt_object_detach  object.o
    0x08003858   0x08003858   0x00000024   Code   RO         3701    i.rt_object_get_information  object.o
    0x0800387c   0x0800387c   0x00000050   Code   RO         3705    i.rt_object_init    object.o
    0x080038cc   0x080038cc   0x0000000e   Code   RO         3706    i.rt_object_is_systemobject  object.o
    0x080038da   0x080038da   0x00000002   PAD
    0x080038dc   0x080038dc   0x00000058   Code   RO         3785    i.rt_schedule       scheduler.o
    0x08003934   0x08003934   0x00000050   Code   RO         3786    i.rt_schedule_insert_thread  scheduler.o
    0x08003984   0x08003984   0x00000048   Code   RO         3787    i.rt_schedule_remove_thread  scheduler.o
    0x080039cc   0x080039cc   0x00000024   Code   RO         3344    i.rt_sem_init       ipc.o
    0x080039f0   0x080039f0   0x0000004a   Code   RO         3345    i.rt_sem_release    ipc.o
    0x08003a3a   0x08003a3a   0x000000ae   Code   RO         3346    i.rt_sem_take       ipc.o
    0x08003ae8   0x08003ae8   0x000000b0   Code   RO         3446    i.rt_show_version   kservice.o
    0x08003b98   0x08003b98   0x00000010   Code   RO         3452    i.rt_strlen         kservice.o
    0x08003ba8   0x08003ba8   0x00000026   Code   RO         3454    i.rt_strncpy        kservice.o
    0x08003bce   0x08003bce   0x00000002   PAD
    0x08003bd0   0x08003bd0   0x000000ac   Code   RO         3613    i.rt_system_heap_init  mem.o
    0x08003c7c   0x08003c7c   0x00000034   Code   RO         3788    i.rt_system_scheduler_init  scheduler.o
    0x08003cb0   0x08003cb0   0x00000028   Code   RO         3789    i.rt_system_scheduler_start  scheduler.o
    0x08003cd8   0x08003cd8   0x0000000c   Code   RO         3984    i.rt_system_timer_init  timer.o
    0x08003ce4   0x08003ce4   0x00000002   Code   RO         3985    i.rt_system_timer_thread_init  timer.o
    0x08003ce6   0x08003ce6   0x00000048   Code   RO         3855    i.rt_thread_create  thread.o
    0x08003d2e   0x08003d2e   0x00000002   PAD
    0x08003d30   0x08003d30   0x0000005c   Code   RO         3860    i.rt_thread_exit    thread.o
    0x08003d8c   0x08003d8c   0x00000006   Code   RO         3303    i.rt_thread_idle_entry  idle.o
    0x08003d92   0x08003d92   0x00000002   PAD
    0x08003d94   0x08003d94   0x0000004c   Code   RO         3304    i.rt_thread_idle_excute  idle.o
    0x08003de0   0x08003de0   0x00000038   Code   RO         3306    i.rt_thread_idle_init  idle.o
    0x08003e18   0x08003e18   0x00000030   Code   RO         3862    i.rt_thread_init    thread.o
    0x08003e48   0x08003e48   0x0000000e   Code   RO         3863    i.rt_thread_mdelay  thread.o
    0x08003e56   0x08003e56   0x0000003c   Code   RO         3864    i.rt_thread_resume  thread.o
    0x08003e92   0x08003e92   0x00000002   PAD
    0x08003e94   0x08003e94   0x0000000c   Code   RO         3865    i.rt_thread_self    thread.o
    0x08003ea0   0x08003ea0   0x00000040   Code   RO         3866    i.rt_thread_sleep   thread.o
    0x08003ee0   0x08003ee0   0x0000002c   Code   RO         3867    i.rt_thread_startup  thread.o
    0x08003f0c   0x08003f0c   0x00000042   Code   RO         3868    i.rt_thread_suspend  thread.o
    0x08003f4e   0x08003f4e   0x00000020   Code   RO         3869    i.rt_thread_timeout  thread.o
    0x08003f6e   0x08003f6e   0x00000002   PAD
    0x08003f70   0x08003f70   0x00000060   Code   RO         3870    i.rt_thread_yield   thread.o
    0x08003fd0   0x08003fd0   0x00000032   Code   RO         3190    i.rt_tick_from_millisecond  clock.o
    0x08004002   0x08004002   0x00000002   PAD
    0x08004004   0x08004004   0x0000000c   Code   RO         3191    i.rt_tick_get       clock.o
    0x08004010   0x08004010   0x0000002c   Code   RO         3192    i.rt_tick_increase  clock.o
    0x0800403c   0x0800403c   0x0000008c   Code   RO         3986    i.rt_timer_check    timer.o
    0x080040c8   0x080040c8   0x00000048   Code   RO         3987    i.rt_timer_control  timer.o
    0x08004110   0x08004110   0x00000028   Code   RO         3990    i.rt_timer_detach   timer.o
    0x08004138   0x08004138   0x00000028   Code   RO         3991    i.rt_timer_init     timer.o
    0x08004160   0x08004160   0x00000084   Code   RO         3993    i.rt_timer_start    timer.o
    0x080041e4   0x080041e4   0x0000002e   Code   RO         3994    i.rt_timer_stop     timer.o
    0x08004212   0x08004212   0x00000002   PAD
    0x08004214   0x08004214   0x00000284   Code   RO         3457    i.rt_vsnprintf      kservice.o
    0x08004498   0x08004498   0x00000004   Code   RO         3235    i.rti_board_end     components.o
    0x0800449c   0x0800449c   0x00000004   Code   RO         3236    i.rti_board_start   components.o
    0x080044a0   0x080044a0   0x00000004   Code   RO         3237    i.rti_end           components.o
    0x080044a4   0x080044a4   0x00000004   Code   RO         3238    i.rti_start         components.o
    0x080044a8   0x080044a8   0x0000002a   Code   RO         3239    i.rtthread_startup  components.o
    0x080044d2   0x080044d2   0x00000028   Code   RO         3459    i.skip_atoi         kservice.o
    0x080044fa   0x080044fa   0x00000002   PAD
    0x080044fc   0x080044fc   0x00000034   Code   RO         4150    i.uart_init         board.o
    0x08004530   0x08004530   0x000000d0   Code   RO         4085    i.usage_fault_track  cpuport.o
    0x08004600   0x08004600   0x0000000a   Code   RO         4223    i.version           cmd.o
    0x0800460a   0x0800460a   0x0000000a   Code   RO         4591    x$fpl$fpinit        fz_wm.l(fpinit.o)
    0x08004614   0x08004614   0x00000010   Data   RO         3152    .constdata          system_stm32f4xx.o
    0x08004624   0x08004624   0x00000008   Data   RO         3153    .constdata          system_stm32f4xx.o
    0x0800462c   0x0800462c   0x00000122   Data   RO         3461    .constdata          kservice.o
    0x0800474e   0x0800474e   0x00000002   PAD
    0x08004750   0x08004750   0x00000044   Data   RO         4224    .conststring        cmd.o
    0x08004794   0x08004794   0x00000009   Data   RO         3616    .rodata.name        mem.o
    0x0800479d   0x0800479d   0x0000001e   Data   RO         3617    .rodata.name        mem.o
    0x080047bb   0x080047bb   0x00000006   Data   RO         4225    .rodata.name        cmd.o
    0x080047c1   0x080047c1   0x00000010   Data   RO         4226    .rodata.name        cmd.o
    0x080047d1   0x080047d1   0x00000008   Data   RO         4227    .rodata.name        cmd.o
    0x080047d9   0x080047d9   0x00000023   Data   RO         4228    .rodata.name        cmd.o
    0x080047fc   0x080047fc   0x0000000e   Data   RO         4229    .rodata.name        cmd.o
    0x0800480a   0x0800480a   0x00000023   Data   RO         4230    .rodata.name        cmd.o
    0x0800482d   0x0800482d   0x0000000c   Data   RO         4231    .rodata.name        cmd.o
    0x08004839   0x08004839   0x0000000c   Data   RO         4232    .rodata.name        cmd.o
    0x08004845   0x08004845   0x00000012   Data   RO         4233    .rodata.name        cmd.o
    0x08004857   0x08004857   0x0000000c   Data   RO         4234    .rodata.name        cmd.o
    0x08004863   0x08004863   0x00000009   Data   RO         4235    .rodata.name        cmd.o
    0x0800486c   0x0800486c   0x00000019   Data   RO         4236    .rodata.name        cmd.o
    0x08004885   0x08004885   0x0000000f   Data   RO         4237    .rodata.name        cmd.o
    0x08004894   0x08004894   0x00000019   Data   RO         4238    .rodata.name        cmd.o
    0x080048ad   0x080048ad   0x0000000b   Data   RO         4239    .rodata.name        cmd.o
    0x080048b8   0x080048b8   0x00000015   Data   RO         4240    .rodata.name        cmd.o
    0x080048cd   0x080048cd   0x00000011   Data   RO         4241    .rodata.name        cmd.o
    0x080048de   0x080048de   0x00000015   Data   RO         4242    .rodata.name        cmd.o
    0x080048f3   0x080048f3   0x00000005   Data   RO         4243    .rodata.name        cmd.o
    0x080048f8   0x080048f8   0x0000001a   Data   RO         4244    .rodata.name        cmd.o
    0x08004912   0x08004912   0x0000000b   Data   RO         4321    .rodata.name        msh.o
    0x0800491d   0x0800491d   0x00000016   Data   RO         4322    .rodata.name        msh.o
    0x08004933   0x08004933   0x00000009   Data   RO         4323    .rodata.name        msh.o
    0x0800493c   0x0800493c   0x0000001c   Data   RO         4324    .rodata.name        msh.o
    0x08004958   0x08004958   0x0000000b   Data   RO         4325    .rodata.name        msh.o
    0x08004963   0x08004963   0x00000025   Data   RO         4326    .rodata.name        msh.o
    0x08004988   0x08004988   0x00000004   Data   RO         3240    .rti_fn.0           components.o
    0x0800498c   0x0800498c   0x00000004   Data   RO         3241    .rti_fn.0.end       components.o
    0x08004990   0x08004990   0x00000004   Data   RO         4152    .rti_fn.1           board.o
    0x08004994   0x08004994   0x00000004   Data   RO         3242    .rti_fn.1.end       components.o
    0x08004998   0x08004998   0x00000004   Data   RO         4392    .rti_fn.6           shell.o
    0x0800499c   0x0800499c   0x00000004   Data   RO         3243    .rti_fn.6.end       components.o
    0x080049a0   0x080049a0   0x0000000c   Data   RO         3618    FSymTab             mem.o
    0x080049ac   0x080049ac   0x00000078   Data   RO         4245    FSymTab             cmd.o
    0x08004a24   0x08004a24   0x00000024   Data   RO         4327    FSymTab             msh.o
    0x08004a48   0x08004a48   0x00000020   Data   RO         4647    Region$$Table       anon$$obj.o


    Execution Region RW_IRAM2 (Exec base: 0x10000000, Load base: 0x08004b1c, Size: 0x00000000, Max: 0x00010000, ABSOLUTE)

    **** No section assigned to this execution region ****


    Execution Region RW_IRAM1 (Exec base: 0x20000000, Load base: 0x08004a68, Size: 0x00004da0, Max: 0x00030000, ABSOLUTE)

    Exec Addr    Load Addr    Size         Type   Attr      Idx    E Section Name        Object

    0x20000000   0x08004a68   0x00000008   Data   RW          232    .data               main.o
    0x20000008   0x08004a70   0x00000001   Data   RW          263    .data               usart.o
    0x20000009   0x08004a71   0x00000003   PAD
    0x2000000c   0x08004a74   0x0000000c   Data   RW         1391    .data               stm32f4xx_hal.o
    0x20000018   0x08004a80   0x00000004   Data   RW         3154    .data               system_stm32f4xx.o
    0x2000001c   0x08004a84   0x00000004   Data   RW         3194    .data               clock.o
    0x20000020   0x08004a88   0x00000001   Data   RW         3408    .data               irq.o
    0x20000021   0x08004a89   0x00000003   PAD
    0x20000024   0x08004a8c   0x00000018   Data   RW         3615    .data               mem.o
    0x2000003c   0x08004aa4   0x00000030   Data   RW         3708    .data               object.o
    0x2000006c   0x08004ad4   0x00000014   Data   RW         3791    .data               scheduler.o
    0x20000080   0x08004ae8   0x0000000c   Data   RW         3995    .data               timer.o
    0x2000008c   0x08004af4   0x00000004   Data   RW         4086    .data               cpuport.o
    0x20000090   0x08004af8   0x00000004   Data   RW         4087    .data               cpuport.o
    0x20000094   0x08004afc   0x00000004   Data   RW         4088    .data               cpuport.o
    0x20000098   0x08004b00   0x00000004   Data   RW         4089    .data               cpuport.o
    0x2000009c   0x08004b04   0x00000018   Data   RW         4391    .data               shell.o
    0x200000b4        -       0x000001b8   Zero   RW          231    .bss                main.o
    0x2000026c        -       0x00000044   Zero   RW          262    .bss                usart.o
    0x200002b0        -       0x00000054   Zero   RW          348    .bss                iic.o
    0x20000304        -       0x00000058   Zero   RW          384    .bss                spi.o
    0x2000035c        -       0x00000178   Zero   RW         3307    .bss                idle.o
    0x200004d4        -       0x00000080   Zero   RW         3460    .bss                kservice.o
    0x20000554        -       0x00000020   Zero   RW         3614    .bss                mem.o
    0x20000574        -       0x00000100   Zero   RW         3790    .bss                scheduler.o
    0x20000674        -       0x00003c44   Zero   RW         4151    .bss                board.o
    0x200042b8        -       0x00000081   Zero   RW         4390    .bss                shell.o
    0x20004339   0x08004b1c   0x00000003   PAD
    0x2000433c        -       0x00000060   Zero   RW         4521    .bss                c_w.l(libspace.o)
    0x2000439c   0x08004b1c   0x00000004   PAD
    0x200043a0        -       0x00000200   Zero   RW          221    HEAP                startup_stm32f429xx.o
    0x200045a0        -       0x00000800   Zero   RW          220    STACK               startup_stm32f429xx.o


==============================================================================

Image component sizes


      Code (inc. data)   RO Data    RW Data    ZI Data      Debug   Object Name

       404         38          4          0      15428       6873   board.o
       106         12          0          4          0       2060   clock.o
      1402        532        531          0          0      13968   cmd.o
       182         28         16          0          0       6662   components.o
       308         28          0          0          0        892   context_rvds.o
      1372        736          0         16          0       6998   cpuport.o
       138         22          0          0        376       5350   idle.o
       196         26          0          0         84       1598   iic.o
       298          0          0          0          0       6733   ipc.o
        56         12          0          1          0       1822   irq.o
      1438        158        290          0        128      11717   kservice.o
       164         16          0          0          0       1729   led.o
       140         34          0          8        440       1237   main.o
       826        248         51         24         32       5799   mem.o
       780        162        154          0          0       8464   msh.o
       312          6          0         48          0       9036   object.o
       416         56          0         20        256       8798   scheduler.o
       928        136          4         24        129      10792   shell.o
       172         20          0          0         88       1582   spi.o
        64         26        428          0       2560        812   startup_stm32f429xx.o
       128         20          0         12          0       8415   stm32f4xx_hal.o
       198         14          0          0          0      33959   stm32f4xx_hal_cortex.o
       182          0          0          0          0       2103   stm32f4xx_hal_dma.o
       574         54          0          0          0       2216   stm32f4xx_hal_gpio.o
       392         16          0          0          0       3119   stm32f4xx_hal_i2c.o
       128          0          0          0          0       1863   stm32f4xx_hal_i2c_ex.o
        48          6          0          0          0     741060   stm32f4xx_hal_msp.o
      1360         82          0          0          0       5740   stm32f4xx_hal_rcc.o
       188          0          0          0          0       1199   stm32f4xx_hal_spi.o
      1672         16          0          0          0      11424   stm32f4xx_hal_uart.o
        10          0          0          0          0       2329   stm32f4xx_it.o
       140         24         24          4          0       1883   system_stm32f4xx.o
       788         44          0          0          0      13687   thread.o
       550         20          0         12          0      11948   timer.o
       236         42          0          1         68       2770   usart.o

    ----------------------------------------------------------------------
     16344       2634       1536        180      19592     956637   Object Totals
         0          0         32          0          0          0   (incl. Generated)
        48          0          2          6          3          0   (incl. Padding)

    ----------------------------------------------------------------------

      Code (inc. data)   RO Data    RW Data    ZI Data      Debug   Library Member Name

         8          0          0          0          0         68   __main.o
         0          0          0          0          0          0   __rtentry.o
        12          0          0          0          0          0   __rtentry2.o
         6          0          0          0          0          0   __rtentry4.o
        52          8          0          0          0          0   __scatter.o
        26          0          0          0          0          0   __scatter_copy.o
        28          0          0          0          0          0   __scatter_zi.o
        18          0          0          0          0         80   exit.o
         6          0          0          0          0        152   heapauxi.o
         0          0          0          0          0          0   indicate_semi.o
         2          0          0          0          0          0   libinit.o
         6          0          0          0          0          0   libinit2.o
         2          0          0          0          0          0   libshutdown.o
         2          0          0          0          0          0   libshutdown2.o
         8          4          0          0         96         68   libspace.o
       238          0          0          0          0        100   lludivv7m.o
        68          0          0          0          0         68   rt_memclr.o
        78          0          0          0          0         80   rt_memclr_w.o
       100          0          0          0          0         80   rt_memcpy_w.o
         2          0          0          0          0          0   rtexit.o
        10          0          0          0          0          0   rtexit2.o
        24          0          0          0          0         68   strcat.o
        72          0          0          0          0         80   strcpy.o
        62          0          0          0          0         76   strlen.o
       150          0          0          0          0         80   strncmp.o
        86          0          0          0          0         76   strncpy.o
        12          4          0          0          0         68   sys_exit.o
        74          0          0          0          0         80   sys_stackheap_outer.o
         2          0          0          0          0         68   use_no_semi.o
        10          0          0          0          0        116   fpinit.o

    ----------------------------------------------------------------------
      1168         16          0          0        100       1408   Library Totals
         4          0          0          0          4          0   (incl. Padding)

    ----------------------------------------------------------------------

      Code (inc. data)   RO Data    RW Data    ZI Data      Debug   Library Name

      1154         16          0          0         96       1292   c_w.l
        10          0          0          0          0        116   fz_wm.l

    ----------------------------------------------------------------------
      1168         16          0          0        100       1408   Library Totals

    ----------------------------------------------------------------------

==============================================================================


      Code (inc. data)   RO Data    RW Data    ZI Data      Debug   

     17512       2650       1536        180      19692     940821   Grand Totals
     17512       2650       1536        180      19692     940821   ELF Image Totals
     17512       2650       1536        180          0          0   ROM Totals

==============================================================================

    Total RO  Size (Code + RO Data)                19048 (  18.60kB)
    Total RW  Size (RW Data + ZI Data)             19872 (  19.41kB)
    Total ROM Size (Code + RO Data + RW Data)      19228 (  18.78kB)

==============================================================================

